[INFO ] 2026-05-16 11:33:43.006 [main] HelperClass - Setting driver
[INFO ] 2026-05-16 11:33:44.537 [main] HelperClass - Clicking receptionist button
[INFO ] 2026-05-16 11:33:44.694 [main] HelperClass - Clicking signin button
[INFO ] 2026-05-16 11:33:48.368 [main] HelperClass - Clicking appointment buttton
[INFO ] 2026-05-16 11:33:50.166 [main] HelperClass - Old appointment
[INFO ] 2026-05-16 11:33:50.549 [main] HelperClass - pdf button
[INFO ] 2026-05-16 11:33:51.458 [main] HelperClass - File downloaded successfully
[INFO ] 2026-05-16 11:33:56.376 [main] HelperClass - Setting driver
[INFO ] 2026-05-16 11:33:57.824 [main] HelperClass - Clicking receptionist button
[INFO ] 2026-05-16 11:33:57.989 [main] HelperClass - Clicking signin button
[INFO ] 2026-05-16 11:33:58.094 [main] HelperClass - Clicking appointment buttton
[INFO ] 2026-05-16 11:34:02.955 [main] HelperClass - upcoming appointment
[INFO ] 2026-05-16 11:34:03.150 [main] HelperClass - Csv file
[INFO ] 2026-05-16 11:34:03.337 [main] HelperClass - File downloaded successfully
[INFO ] 2026-05-16 11:34:07.254 [main] HelperClass - Setting driver
[INFO ] 2026-05-16 11:34:08.864 [main] HelperClass - Clicking receptionist button
[INFO ] 2026-05-16 11:34:08.983 [main] HelperClass - Clicking signin button
[INFO ] 2026-05-16 11:34:09.090 [main] HelperClass - Clicking appointment buttton
[INFO ] 2026-05-16 11:34:13.759 [main] HelperClass - Today appointment
[INFO ] 2026-05-16 11:34:13.912 [main] HelperClass - excel file
[INFO ] 2026-05-16 11:34:14.086 [main] HelperClass - File downloaded successfully
[INFO ] 2026-05-16 11:36:47.493 [main] HelperClass - Setting driver
[INFO ] 2026-05-16 11:36:48.467 [main] HelperClass - Setting driver
[INFO ] 2026-05-16 11:36:50.909 [main] HelperClass - Setting driver
[INFO ] 2026-05-16 11:36:51.472 [main] HelperClass - Setting driver
[INFO ] 2026-05-16 11:36:55.106 [main] HelperClass - Setting driver
[INFO ] 2026-05-16 11:36:55.741 [main] HelperClass - Setting driver
[INFO ] 2026-05-16 11:36:59.423 [main] HelperClass - Setting driver
[INFO ] 2026-05-16 11:36:59.575 [main] HelperClass - Setting driver
[INFO ] 2026-05-16 11:37:01.316 [main] HelperClass - Clicking receptionist button
[INFO ] 2026-05-16 11:37:01.663 [main] HelperClass - Clicking signin button
[INFO ] 2026-05-16 11:37:01.677 [main] HelperClass - Clicking receptionist button
[INFO ] 2026-05-16 11:37:02.202 [main] HelperClass - Clicking signin button
[INFO ] 2026-05-16 11:37:06.842 [main] HelperClass - Clicking appointment buttton
[INFO ] 2026-05-16 11:37:08.390 [main] HelperClass - Clicking appointment buttton
[INFO ] 2026-05-16 11:37:10.288 [main] HelperClass - Old appointment
[INFO ] 2026-05-16 11:37:10.991 [main] HelperClass - pdf button
[INFO ] 2026-05-16 11:37:11.507 [main] HelperClass - Old appointment
[INFO ] 2026-05-16 11:37:11.626 [main] HelperClass - File downloaded successfully
[INFO ] 2026-05-16 11:37:12.249 [main] HelperClass - pdf button
[INFO ] 2026-05-16 11:37:14.354 [main] HelperClass - File downloaded successfully
[INFO ] 2026-05-16 11:37:15.879 [main] HelperClass - Setting driver
[INFO ] 2026-05-16 11:37:17.494 [main] HelperClass - Clicking receptionist button
[INFO ] 2026-05-16 11:37:17.983 [main] HelperClass - Clicking signin button
[INFO ] 2026-05-16 11:37:22.175 [main] HelperClass - Clicking appointment buttton
[INFO ] 2026-05-16 11:37:22.284 [main] HelperClass - Setting driver
[INFO ] 2026-05-16 11:37:23.973 [main] HelperClass - Clicking receptionist button
[INFO ] 2026-05-16 11:37:24.181 [main] HelperClass - Clicking signin button
[INFO ] 2026-05-16 11:37:24.434 [main] HelperClass - Clicking appointment buttton
[INFO ] 2026-05-16 11:37:24.600 [main] HelperClass - upcoming appointment
[INFO ] 2026-05-16 11:37:25.091 [main] HelperClass - Csv file
[INFO ] 2026-05-16 11:37:25.617 [main] HelperClass - File downloaded successfully
[INFO ] 2026-05-16 11:37:28.952 [main] HelperClass - upcoming appointment
[INFO ] 2026-05-16 11:37:29.089 [main] HelperClass - Csv file
[INFO ] 2026-05-16 11:37:29.208 [main] HelperClass - File downloaded successfully
[INFO ] 2026-05-16 11:37:29.783 [main] HelperClass - Setting driver
[INFO ] 2026-05-16 11:37:31.608 [main] HelperClass - Clicking receptionist button
[INFO ] 2026-05-16 11:37:31.793 [main] HelperClass - Clicking signin button
[INFO ] 2026-05-16 11:37:33.391 [main] HelperClass - Setting driver
[INFO ] 2026-05-16 11:37:34.867 [main] HelperClass - Clicking receptionist button
[INFO ] 2026-05-16 11:37:34.990 [main] HelperClass - Clicking signin button
[INFO ] 2026-05-16 11:37:35.092 [main] HelperClass - Clicking appointment buttton
[INFO ] 2026-05-16 11:37:35.702 [main] HelperClass - Clicking appointment buttton
[INFO ] 2026-05-16 11:37:37.443 [main] HelperClass - Today appointment
[INFO ] 2026-05-16 11:37:37.607 [main] HelperClass - excel file
[INFO ] 2026-05-16 11:37:37.782 [main] HelperClass - File downloaded successfully
[INFO ] 2026-05-16 11:37:40.525 [main] HelperClass - Today appointment
[INFO ] 2026-05-16 11:37:40.717 [main] HelperClass - excel file
[INFO ] 2026-05-16 11:37:40.908 [main] HelperClass - File downloaded successfully
[INFO ] 2026-05-16 11:37:41.937 [main] HelperClass - Setting driver
[INFO ] 2026-05-16 11:37:44.754 [main] HelperClass - Setting driver
[INFO ] 2026-05-16 11:37:45.152 [main] HelperClass - Setting driver
[INFO ] 2026-05-16 11:37:47.680 [main] HelperClass - Setting driver
[INFO ] 2026-05-16 11:37:48.158 [main] HelperClass - Setting driver
[INFO ] 2026-05-16 11:37:50.977 [main] HelperClass - Setting driver
[INFO ] 2026-05-16 11:40:37.332 [main] HelperClass - Setting driver
[INFO ] 2026-05-16 11:40:39.800 [main] HelperClass - Setting driver
[INFO ] 2026-05-16 11:40:42.170 [main] HelperClass - Setting driver
[INFO ] 2026-05-16 11:45:04.824 [main] HelperClass - Setting driver
[INFO ] 2026-05-16 11:45:07.425 [main] HelperClass - Setting driver
[INFO ] 2026-05-16 11:45:10.164 [main] HelperClass - Setting driver
[INFO ] 2026-05-16 11:48:36.178 [main] HelperClass - Setting driver
[INFO ] 2026-05-16 11:48:38.721 [main] HelperClass - Setting driver
[INFO ] 2026-05-16 11:48:41.198 [main] HelperClass - Setting driver
[INFO ] 2026-05-16 12:09:04.906 [main] HelperClass - Setting driver
[INFO ] 2026-05-16 12:09:06.558 [main] HelperClass - User is on login page
[INFO ] 2026-05-16 12:09:06.572 [main] HelperClass - Clicking receptionist button
[INFO ] 2026-05-16 12:09:06.799 [main] HelperClass - Clicking signin button
[INFO ] 2026-05-16 12:09:10.593 [main] HelperClass - Navigated to receptionist dashboard
[INFO ] 2026-05-16 12:09:10.595 [main] HelperClass - Navigating to appointment section
[INFO ] 2026-05-16 12:09:12.188 [main] HelperClass - Clicking Today Appointment filter
[INFO ] 2026-05-16 12:09:12.378 [main] HelperClass - Verifying today's appointment records
[INFO ] 2026-05-16 12:09:13.406 [main] HelperClass - Setting driver
[INFO ] 2026-05-16 12:09:14.951 [main] HelperClass - User is on login page
[INFO ] 2026-05-16 12:09:14.954 [main] HelperClass - Clicking receptionist button
[INFO ] 2026-05-16 12:09:15.098 [main] HelperClass - Clicking signin button
[INFO ] 2026-05-16 12:09:15.703 [main] HelperClass - Navigated to receptionist dashboard
[INFO ] 2026-05-16 12:09:15.707 [main] HelperClass - Navigating to appointment section
[INFO ] 2026-05-16 12:09:20.399 [main] HelperClass - Clicking Upcoming Appointment filter
[INFO ] 2026-05-16 12:09:20.596 [main] HelperClass - Verifying upcoming appointment records
[INFO ] 2026-05-16 12:09:21.610 [main] HelperClass - Setting driver
[INFO ] 2026-05-16 12:09:23.076 [main] HelperClass - User is on login page
[INFO ] 2026-05-16 12:09:23.077 [main] HelperClass - Clicking receptionist button
[INFO ] 2026-05-16 12:09:23.206 [main] HelperClass - Clicking signin button
[INFO ] 2026-05-16 12:09:23.322 [main] HelperClass - Navigated to receptionist dashboard
[INFO ] 2026-05-16 12:09:23.325 [main] HelperClass - Navigating to appointment section
[INFO ] 2026-05-16 12:09:28.289 [main] HelperClass - Clicking Old Appointment filter
[INFO ] 2026-05-16 12:09:28.562 [main] HelperClass - Verifying old appointment records
[INFO ] 2026-05-16 12:10:00.205 [main] HelperClass - Setting driver
[INFO ] 2026-05-16 12:10:02.357 [main] HelperClass - User is on login page
[INFO ] 2026-05-16 12:10:02.383 [main] HelperClass - Clicking receptionist button
[INFO ] 2026-05-16 12:10:02.626 [main] HelperClass - Clicking signin button
[INFO ] 2026-05-16 12:10:02.816 [main] HelperClass - Navigated to receptionist dashboard
[INFO ] 2026-05-16 12:10:02.825 [main] HelperClass - Navigating to appointment section
[INFO ] 2026-05-16 12:10:08.991 [main] HelperClass - Clicking Today Appointment filter
[INFO ] 2026-05-16 12:10:09.197 [main] HelperClass - Verifying today's appointment records
[INFO ] 2026-05-16 12:10:10.289 [main] HelperClass - Setting driver
[INFO ] 2026-05-16 12:10:11.889 [main] HelperClass - User is on login page
[INFO ] 2026-05-16 12:10:11.891 [main] HelperClass - Clicking receptionist button
[INFO ] 2026-05-16 12:10:12.017 [main] HelperClass - Clicking signin button
[INFO ] 2026-05-16 12:10:12.126 [main] HelperClass - Navigated to receptionist dashboard
[INFO ] 2026-05-16 12:10:12.129 [main] HelperClass - Navigating to appointment section
[INFO ] 2026-05-16 12:10:16.391 [main] HelperClass - Clicking Upcoming Appointment filter
[INFO ] 2026-05-16 12:10:16.585 [main] HelperClass - Verifying upcoming appointment records
[INFO ] 2026-05-16 12:10:17.552 [main] HelperClass - Setting driver
[INFO ] 2026-05-16 12:10:19.114 [main] HelperClass - User is on login page
[INFO ] 2026-05-16 12:10:19.118 [main] HelperClass - Clicking receptionist button
[INFO ] 2026-05-16 12:10:19.246 [main] HelperClass - Clicking signin button
[INFO ] 2026-05-16 12:10:22.823 [main] HelperClass - Navigated to receptionist dashboard
[INFO ] 2026-05-16 12:10:22.825 [main] HelperClass - Navigating to appointment section
[INFO ] 2026-05-16 12:10:23.562 [main] HelperClass - Clicking Old Appointment filter
[INFO ] 2026-05-16 12:10:23.772 [main] HelperClass - Verifying old appointment records
[INFO ] 2026-05-16 12:10:24.773 [main] HelperClass - Setting driver
[INFO ] 2026-05-16 12:10:26.289 [main] HelperClass - Clicking receptionist button
[INFO ] 2026-05-16 12:10:26.472 [main] HelperClass - Clicking signin button
[INFO ] 2026-05-16 12:10:26.696 [main] HelperClass - Clicking appointment buttton
[INFO ] 2026-05-16 12:10:31.369 [main] HelperClass - Old appointment
[INFO ] 2026-05-16 12:10:31.603 [main] HelperClass - pdf button
[INFO ] 2026-05-16 12:10:32.018 [main] HelperClass - File downloaded successfully
[INFO ] 2026-05-16 12:10:36.044 [main] HelperClass - Setting driver
[INFO ] 2026-05-16 12:10:37.581 [main] HelperClass - Clicking receptionist button
[INFO ] 2026-05-16 12:10:37.779 [main] HelperClass - Clicking signin button
[INFO ] 2026-05-16 12:10:37.929 [main] HelperClass - Clicking appointment buttton
[INFO ] 2026-05-16 12:10:43.007 [main] HelperClass - upcoming appointment
[INFO ] 2026-05-16 12:10:43.210 [main] HelperClass - Csv file
[INFO ] 2026-05-16 12:10:43.388 [main] HelperClass - File downloaded successfully
[INFO ] 2026-05-16 12:10:47.387 [main] HelperClass - Setting driver
[INFO ] 2026-05-16 12:10:48.930 [main] HelperClass - Clicking receptionist button
[INFO ] 2026-05-16 12:10:49.072 [main] HelperClass - Clicking signin button
[INFO ] 2026-05-16 12:10:49.207 [main] HelperClass - Clicking appointment buttton
[INFO ] 2026-05-16 12:10:53.787 [main] HelperClass - Today appointment
[INFO ] 2026-05-16 12:10:53.928 [main] HelperClass - excel file
[INFO ] 2026-05-16 12:10:54.087 [main] HelperClass - File downloaded successfully
[INFO ] 2026-05-16 13:22:25.614 [main] HelperClass - Setting driver
[INFO ] 2026-05-16 13:22:28.383 [main] HelperClass - Setting driver
[INFO ] 2026-05-16 16:01:10.638 [main] HelperClass - Setting driver
[INFO ] 2026-05-16 16:01:12.174 [main] HelperClass - User is on login site
[INFO ] 2026-05-16 16:01:12.490 [main] HelperClass - Clicking receptionist button
[INFO ] 2026-05-16 16:01:12.855 [main] HelperClass - user is on homepage
[INFO ] 2026-05-16 16:01:17.437 [main] HelperClass - Clicking on phone call log
[INFO ] 2026-05-16 16:01:18.021 [main] HelperClass - clicking on add call log
[INFO ] 2026-05-16 16:01:19.743 [main] HelperClass - Setting driver
[INFO ] 2026-05-16 16:01:21.452 [main] HelperClass - User is on login site
[INFO ] 2026-05-16 16:01:21.684 [main] HelperClass - Clicking receptionist button
[INFO ] 2026-05-16 16:01:25.531 [main] HelperClass - user is on homepage
[INFO ] 2026-05-16 16:01:26.467 [main] HelperClass - Clicking on phone call log for checking invalid
[INFO ] 2026-05-16 16:01:27.042 [main] HelperClass - clicking on add call log for checking invalid
[INFO ] 2026-05-16 16:01:27.216 [main] HelperClass - Leaving fields empty
[INFO ] 2026-05-16 16:13:01.489 [main] HelperClass - Setting driver
[INFO ] 2026-05-16 16:13:03.259 [main] HelperClass - User is on login site
[INFO ] 2026-05-16 16:13:03.583 [main] HelperClass - Clicking receptionist button
[INFO ] 2026-05-16 16:13:03.879 [main] HelperClass - user is on homepage
[INFO ] 2026-05-16 16:13:08.561 [main] HelperClass - Clicking on phone call log
[INFO ] 2026-05-16 16:13:09.240 [main] HelperClass - clicking on add call log
[INFO ] 2026-05-16 16:13:11.033 [main] HelperClass - Setting driver
[INFO ] 2026-05-16 16:13:12.613 [main] HelperClass - User is on login site
[INFO ] 2026-05-16 16:13:12.841 [main] HelperClass - Clicking receptionist button
[INFO ] 2026-05-16 16:13:13.761 [main] HelperClass - user is on homepage
[INFO ] 2026-05-16 16:13:17.741 [main] HelperClass - Clicking on phone call log for checking invalid
[INFO ] 2026-05-16 16:13:18.347 [main] HelperClass - clicking on add call log for checking invalid
[INFO ] 2026-05-16 16:13:18.551 [main] HelperClass - Leaving fields empty
[INFO ] 2026-05-16 16:15:46.534 [main] HelperClass - Setting driver
[INFO ] 2026-05-16 16:15:48.244 [main] HelperClass - User is on login site
[INFO ] 2026-05-16 16:15:48.567 [main] HelperClass - Clicking receptionist button
[INFO ] 2026-05-16 16:15:48.956 [main] HelperClass - user is on homepage
[INFO ] 2026-05-16 16:15:54.068 [main] HelperClass - Clicking on phone call log
[INFO ] 2026-05-16 16:15:54.682 [main] HelperClass - clicking on add call log
[INFO ] 2026-05-16 16:15:56.419 [main] HelperClass - saving
[INFO ] 2026-05-16 16:15:56.567 [main] HelperClass - List displayed
[INFO ] 2026-05-16 16:15:56.610 [main] HelperClass - Listed
[INFO ] 2026-05-16 16:15:57.566 [main] HelperClass - Setting driver
[INFO ] 2026-05-16 16:15:59.119 [main] HelperClass - User is on login site
[INFO ] 2026-05-16 16:15:59.516 [main] HelperClass - Clicking receptionist button
[INFO ] 2026-05-16 16:16:03.773 [main] HelperClass - user is on homepage
[INFO ] 2026-05-16 16:16:04.749 [main] HelperClass - Clicking on phone call log for checking invalid
[INFO ] 2026-05-16 16:16:05.294 [main] HelperClass - clicking on add call log for checking invalid
[INFO ] 2026-05-16 16:16:05.503 [main] HelperClass - Leaving fields empty
[INFO ] 2026-05-16 16:20:36.175 [main] HelperClass - Setting driver
[INFO ] 2026-05-16 16:20:37.711 [main] HelperClass - User is on login site
[INFO ] 2026-05-16 16:20:37.971 [main] HelperClass - Clicking receptionist button
[INFO ] 2026-05-16 16:20:38.305 [main] HelperClass - user is on homepage
[INFO ] 2026-05-16 16:20:43.089 [main] HelperClass - Clicking on phone call log
[INFO ] 2026-05-16 16:20:43.670 [main] HelperClass - clicking on add call log
[INFO ] 2026-05-16 16:20:45.382 [main] HelperClass - saving
[INFO ] 2026-05-16 16:20:45.530 [main] HelperClass - List displayed
[INFO ] 2026-05-16 16:20:45.575 [main] HelperClass - Listed
[INFO ] 2026-05-16 16:20:46.552 [main] HelperClass - Setting driver
[INFO ] 2026-05-16 16:20:48.177 [main] HelperClass - User is on login site
[INFO ] 2026-05-16 16:20:48.357 [main] HelperClass - Clicking receptionist button
[INFO ] 2026-05-16 16:20:48.621 [main] HelperClass - user is on homepage
[INFO ] 2026-05-16 16:20:53.263 [main] HelperClass - Clicking on phone call log for checking invalid
[INFO ] 2026-05-16 16:20:53.818 [main] HelperClass - clicking on add call log for checking invalid
[INFO ] 2026-05-16 16:20:54.002 [main] HelperClass - Leaving fields empty
[INFO ] 2026-05-16 16:20:55.347 [main] HelperClass - Error displayed
[INFO ] 2026-05-16 16:56:03.520 [main] HelperClass - Setting driver
[INFO ] 2026-05-16 16:56:05.261 [main] HelperClass - User is on login site
[INFO ] 2026-05-16 16:56:05.556 [main] HelperClass - Clicking receptionist button
[INFO ] 2026-05-16 16:56:05.929 [main] HelperClass - user is on homepage
[INFO ] 2026-05-16 16:56:41.404 [main] HelperClass - Setting driver
[INFO ] 2026-05-16 16:56:43.678 [main] HelperClass - User is on login site
[INFO ] 2026-05-16 16:56:43.958 [main] HelperClass - Clicking receptionist button
[INFO ] 2026-05-16 16:56:47.975 [main] HelperClass - user is on homepage
[INFO ] 2026-05-16 16:58:45.096 [main] HelperClass - Setting driver
[INFO ] 2026-05-16 16:58:46.629 [main] HelperClass - User is on login site
[INFO ] 2026-05-16 16:58:46.810 [main] HelperClass - Clicking receptionist button
[INFO ] 2026-05-16 16:58:47.097 [main] HelperClass - user is on homepage
[INFO ] 2026-05-16 17:52:00.867 [main] HelperClass - Setting driver
[INFO ] 2026-05-16 17:52:02.582 [main] HelperClass - User is on login site
[INFO ] 2026-05-16 17:52:02.910 [main] HelperClass - Clicking receptionist button
[INFO ] 2026-05-16 17:52:03.269 [main] HelperClass - user is on homepage
[INFO ] 2026-05-16 17:55:29.654 [main] HelperClass - Setting driver
[INFO ] 2026-05-16 17:55:31.458 [main] HelperClass - User is on login site
[INFO ] 2026-05-16 17:55:31.793 [main] HelperClass - Clicking receptionist button
[INFO ] 2026-05-16 17:55:32.110 [main] HelperClass - user is on homepage
[DEBUG] 2026-05-16 17:55:38.454 [main] PackageRelationshipCollection - Parsing relationship: /xl/_rels/workbook.xml.rels
[DEBUG] 2026-05-16 17:55:38.459 [main] PackageRelationshipCollection - Parsing relationship: /_rels/.rels
[DEBUG] 2026-05-16 17:55:39.442 [main] PackageRelationshipCollection - Parsing relationship: /xl/_rels/workbook.xml.rels
[DEBUG] 2026-05-16 17:55:39.444 [main] PackageRelationshipCollection - Parsing relationship: /_rels/.rels
[DEBUG] 2026-05-16 17:55:39.492 [main] PackageRelationshipCollection - Parsing relationship: /xl/_rels/workbook.xml.rels
[DEBUG] 2026-05-16 17:55:39.494 [main] PackageRelationshipCollection - Parsing relationship: /_rels/.rels
[DEBUG] 2026-05-16 17:55:39.576 [main] PackageRelationshipCollection - Parsing relationship: /xl/_rels/workbook.xml.rels
[DEBUG] 2026-05-16 17:55:39.578 [main] PackageRelationshipCollection - Parsing relationship: /_rels/.rels
[INFO ] 2026-05-16 17:55:40.492 [main] HelperClass - verifying
[INFO ] 2026-05-16 17:57:07.342 [main] HelperClass - Setting driver
[INFO ] 2026-05-16 17:57:08.980 [main] HelperClass - User is on login site
[INFO ] 2026-05-16 17:57:09.223 [main] HelperClass - Clicking receptionist button
[INFO ] 2026-05-16 17:57:09.559 [main] HelperClass - user is on homepage
[DEBUG] 2026-05-16 17:57:15.727 [main] PackageRelationshipCollection - Parsing relationship: /xl/_rels/workbook.xml.rels
[DEBUG] 2026-05-16 17:57:15.734 [main] PackageRelationshipCollection - Parsing relationship: /_rels/.rels
[DEBUG] 2026-05-16 17:57:16.595 [main] PackageRelationshipCollection - Parsing relationship: /xl/_rels/workbook.xml.rels
[DEBUG] 2026-05-16 17:57:16.597 [main] PackageRelationshipCollection - Parsing relationship: /_rels/.rels
[DEBUG] 2026-05-16 17:57:16.643 [main] PackageRelationshipCollection - Parsing relationship: /xl/_rels/workbook.xml.rels
[DEBUG] 2026-05-16 17:57:16.646 [main] PackageRelationshipCollection - Parsing relationship: /_rels/.rels
[DEBUG] 2026-05-16 17:57:16.718 [main] PackageRelationshipCollection - Parsing relationship: /xl/_rels/workbook.xml.rels
[DEBUG] 2026-05-16 17:57:16.721 [main] PackageRelationshipCollection - Parsing relationship: /_rels/.rels
[INFO ] 2026-05-16 17:57:17.695 [main] HelperClass - verifying
[INFO ] 2026-05-16 18:42:31.554 [main] HelperClass - Setting driver
[INFO ] 2026-05-16 18:42:34.191 [main] HelperClass - Setting driver
[INFO ] 2026-05-16 18:42:36.726 [main] HelperClass - Setting driver
[INFO ] 2026-05-16 22:49:28.523 [main] HelperClass - User is on login site
[INFO ] 2026-05-16 22:56:52.653 [main] HelperClass - User is on login page
[INFO ] 2026-05-16 22:57:55.141 [main] HelperClass - User is on login page
[INFO ] 2026-05-16 23:02:46.565 [main] HelperClass - user is on homepage
[INFO ] 2026-05-16 23:02:53.415 [main] HelperClass - user is on homepage
[INFO ] 2026-05-16 23:13:11.518 [main] HelperClass - user is on homepage
[INFO ] 2026-05-16 23:13:12.499 [main] HelperClass - Clicking on phone call log
[INFO ] 2026-05-16 23:13:13.310 [main] HelperClass - clicking on add call log
[INFO ] 2026-05-16 23:13:13.717 [main] HelperClass - Taking data from data table
[INFO ] 2026-05-16 23:13:16.132 [main] HelperClass - saving
[INFO ] 2026-05-16 23:13:16.435 [main] HelperClass - List displayed
[INFO ] 2026-05-16 23:13:16.595 [main] HelperClass - Listed
[INFO ] 2026-05-16 23:13:22.964 [main] HelperClass - user is on homepage
[INFO ] 2026-05-16 23:13:27.570 [main] HelperClass - Clicking on phone call log for checking invalid
[INFO ] 2026-05-16 23:13:28.371 [main] HelperClass - clicking on add call log for checking invalid
[INFO ] 2026-05-16 23:13:28.757 [main] HelperClass - Leaving fields empty
[INFO ] 2026-05-16 23:13:28.765 [main] HelperClass - CLicking the save button
[INFO ] 2026-05-16 23:13:29.954 [main] HelperClass - Error displayed
[INFO ] 2026-05-16 23:33:21.505 [main] HelperClass - Clicking receptionist button
[INFO ] 2026-05-16 23:33:24.141 [main] HelperClass - Clicking receptionist button
[INFO ] 2026-05-16 23:33:26.838 [main] HelperClass - Clicking receptionist button
[INFO ] 2026-05-16 23:36:36.493 [main] HelperClass - Clicking receptionist button
[INFO ] 2026-05-16 23:36:38.715 [main] HelperClass - Clicking receptionist button
[INFO ] 2026-05-16 23:36:40.984 [main] HelperClass - Clicking receptionist button
[INFO ] 2026-05-16 23:40:11.444 [main] HelperClass - Clicking receptionist button
[INFO ] 2026-05-16 23:40:11.662 [main] HelperClass - Clicking signin button
[INFO ] 2026-05-16 23:40:11.840 [main] HelperClass - Navigated to receptionist dashboard
[INFO ] 2026-05-16 23:40:11.844 [main] HelperClass - Navigating to appointment section
[INFO ] 2026-05-16 23:40:16.053 [main] HelperClass - Clicking Today Appointment filter
[INFO ] 2026-05-16 23:40:16.245 [main] HelperClass - Verifying today's appointment records
[INFO ] 2026-05-16 23:40:18.662 [main] HelperClass - Clicking receptionist button
[INFO ] 2026-05-16 23:40:18.878 [main] HelperClass - Clicking signin button
[INFO ] 2026-05-16 23:40:19.078 [main] HelperClass - Navigated to receptionist dashboard
[INFO ] 2026-05-16 23:40:19.081 [main] HelperClass - Navigating to appointment section
[INFO ] 2026-05-16 23:40:23.490 [main] HelperClass - Clicking Upcoming Appointment filter
[INFO ] 2026-05-16 23:40:23.762 [main] HelperClass - Verifying upcoming appointment records
[INFO ] 2026-05-16 23:40:26.020 [main] HelperClass - Clicking receptionist button
[INFO ] 2026-05-16 23:40:26.276 [main] HelperClass - Clicking signin button
[INFO ] 2026-05-16 23:40:26.469 [main] HelperClass - Navigated to receptionist dashboard
[INFO ] 2026-05-16 23:40:26.471 [main] HelperClass - Navigating to appointment section
[INFO ] 2026-05-16 23:40:31.360 [main] HelperClass - Clicking Old Appointment filter
[INFO ] 2026-05-16 23:40:31.677 [main] HelperClass - Verifying old appointment records
[INFO ] 2026-05-17 11:11:05.629 [main] HelperClass - User is on login page
[INFO ] 2026-05-17 11:11:05.676 [main] HelperClass - receptionist button clicked
[INFO ] 2026-05-17 11:11:07.158 [main] HelperClass - User is on login page
[INFO ] 2026-05-17 11:11:07.165 [main] HelperClass - receptionist button clicked
[INFO ] 2026-05-17 11:11:08.632 [main] HelperClass - User is on login page
[INFO ] 2026-05-17 11:11:08.637 [main] HelperClass - receptionist button clicked
[INFO ] 2026-05-17 11:13:25.650 [main] HelperClass - User is on login page
[INFO ] 2026-05-17 11:13:25.696 [main] HelperClass - receptionist button clicked
[INFO ] 2026-05-17 11:13:37.259 [main] HelperClass - User is on login page
[INFO ] 2026-05-17 11:13:37.264 [main] HelperClass - receptionist button clicked
[INFO ] 2026-05-17 11:13:48.290 [main] HelperClass - User is on login page
[INFO ] 2026-05-17 11:13:48.292 [main] HelperClass - receptionist button clicked
[INFO ] 2026-05-17 11:18:07.487 [main] HelperClass - User is on login page
[INFO ] 2026-05-17 11:18:09.537 [main] HelperClass - receptionist button clicked
[INFO ] 2026-05-17 11:18:21.001 [main] HelperClass - User is on login page
[INFO ] 2026-05-17 11:18:23.009 [main] HelperClass - receptionist button clicked
[INFO ] 2026-05-17 11:18:35.136 [main] HelperClass - User is on login page
[INFO ] 2026-05-17 11:18:37.142 [main] HelperClass - receptionist button clicked
[INFO ] 2026-05-17 11:21:04.920 [main] HelperClass - Clicking receptionist button
[INFO ] 2026-05-17 11:21:16.595 [main] HelperClass - Clicking receptionist button
[INFO ] 2026-05-17 11:21:23.787 [main] HelperClass - Clicking receptionist button
[INFO ] 2026-05-17 11:27:24.765 [main] HelperClass - User is on login page
[INFO ] 2026-05-17 11:27:26.783 [main] HelperClass - receptionist button clicked
[INFO ] 2026-05-17 11:27:27.041 [main] HelperClass - Clicking signin button
[INFO ] 2026-05-17 11:27:27.303 [main] HelperClass - user is on homepage
[INFO ] 2026-05-17 11:27:41.037 [main] HelperClass - User is on login page
[INFO ] 2026-05-17 11:27:43.053 [main] HelperClass - receptionist button clicked
[INFO ] 2026-05-17 11:27:43.316 [main] HelperClass - Clicking signin button
[INFO ] 2026-05-17 11:27:43.569 [main] HelperClass - user is on homepage
[INFO ] 2026-05-17 11:27:57.228 [main] HelperClass - User is on login page
[INFO ] 2026-05-17 11:27:59.232 [main] HelperClass - receptionist button clicked
[INFO ] 2026-05-17 11:27:59.442 [main] HelperClass - Clicking signin button
[INFO ] 2026-05-17 11:27:59.668 [main] HelperClass - user is on homepage
[INFO ] 2026-05-17 11:40:53.192 [main] HelperClass - User is on login page
[INFO ] 2026-05-17 11:40:55.250 [main] HelperClass - receptionist button clicked
[INFO ] 2026-05-17 11:40:55.912 [main] HelperClass - Clicking signin button
[INFO ] 2026-05-17 11:41:01.660 [main] HelperClass - user is on homepage
[INFO ] 2026-05-17 11:41:03.150 [main] HelperClass - Downloading file in format : pdf
[INFO ] 2026-05-17 11:41:17.861 [main] HelperClass - User is on login page
[INFO ] 2026-05-17 11:41:19.879 [main] HelperClass - receptionist button clicked
[INFO ] 2026-05-17 11:41:20.687 [main] HelperClass - Clicking signin button
[INFO ] 2026-05-17 11:41:27.882 [main] HelperClass - user is on homepage
[INFO ] 2026-05-17 11:41:30.394 [main] HelperClass - Downloading file in format : csv
[INFO ] 2026-05-17 11:41:44.498 [main] HelperClass - User is on login page
[INFO ] 2026-05-17 11:41:46.516 [main] HelperClass - receptionist button clicked
[INFO ] 2026-05-17 11:41:47.122 [main] HelperClass - Clicking signin button
[INFO ] 2026-05-17 11:41:51.522 [main] HelperClass - user is on homepage
[INFO ] 2026-05-17 11:41:53.122 [main] HelperClass - Downloading file in format : excel
[INFO ] 2026-05-17 11:46:38.036 [main] HelperClass - User is on login page
[INFO ] 2026-05-17 11:46:40.107 [main] HelperClass - receptionist button clicked
[INFO ] 2026-05-17 11:46:40.448 [main] HelperClass - Clicking signin button
[INFO ] 2026-05-17 11:46:41.016 [main] HelperClass - user is on homepage
[INFO ] 2026-05-17 11:46:47.126 [main] HelperClass - Downloading file in format : pdf
[INFO ] 2026-05-17 11:46:47.741 [main] HelperClass - File downloaded
[INFO ] 2026-05-17 11:46:54.976 [main] HelperClass - User is on login page
[INFO ] 2026-05-17 11:46:56.997 [main] HelperClass - receptionist button clicked
[INFO ] 2026-05-17 11:46:57.491 [main] HelperClass - Clicking signin button
[INFO ] 2026-05-17 11:47:01.859 [main] HelperClass - user is on homepage
[INFO ] 2026-05-17 11:47:03.540 [main] HelperClass - Downloading file in format : csv
[INFO ] 2026-05-17 11:47:04.119 [main] HelperClass - File downloaded
[INFO ] 2026-05-17 11:47:11.138 [main] HelperClass - User is on login page
[INFO ] 2026-05-17 11:47:13.152 [main] HelperClass - receptionist button clicked
[INFO ] 2026-05-17 11:47:13.521 [main] HelperClass - Clicking signin button
[INFO ] 2026-05-17 11:47:17.847 [main] HelperClass - user is on homepage
[INFO ] 2026-05-17 11:47:19.221 [main] HelperClass - Downloading file in format : excel
[INFO ] 2026-05-17 11:53:52.958 [main] HelperClass - User is on login page
[INFO ] 2026-05-17 11:53:55.245 [main] HelperClass - receptionist button clicked
[INFO ] 2026-05-17 11:53:56.000 [main] HelperClass - Clicking signin button
[INFO ] 2026-05-17 11:54:01.726 [main] HelperClass - user is on homepage
[INFO ] 2026-05-17 11:54:15.984 [main] HelperClass - User is on login page
[INFO ] 2026-05-17 11:54:18.002 [main] HelperClass - receptionist button clicked
[INFO ] 2026-05-17 11:54:18.709 [main] HelperClass - Clicking signin button
[INFO ] 2026-05-17 11:54:25.480 [main] HelperClass - user is on homepage
[INFO ] 2026-05-17 11:54:42.162 [main] HelperClass - User is on login page
[INFO ] 2026-05-17 11:54:44.185 [main] HelperClass - receptionist button clicked
[INFO ] 2026-05-17 11:54:45.172 [main] HelperClass - Clicking signin button
[INFO ] 2026-05-17 11:54:52.190 [main] HelperClass - user is on homepage
[INFO ] 2026-05-17 11:59:33.705 [main] HelperClass - User is on login page
[INFO ] 2026-05-17 11:59:35.778 [main] HelperClass - receptionist button clicked
[INFO ] 2026-05-17 11:59:36.313 [main] HelperClass - Clicking signin button
[INFO ] 2026-05-17 11:59:36.874 [main] HelperClass - user is on homepage
[INFO ] 2026-05-17 11:59:56.164 [main] HelperClass - User is on login page
[INFO ] 2026-05-17 11:59:58.183 [main] HelperClass - receptionist button clicked
[INFO ] 2026-05-17 11:59:58.880 [main] HelperClass - Clicking signin button
[INFO ] 2026-05-17 12:00:07.453 [main] HelperClass - user is on homepage
[INFO ] 2026-05-17 12:00:22.208 [main] HelperClass - User is on login page
[INFO ] 2026-05-17 12:00:24.229 [main] HelperClass - receptionist button clicked
[INFO ] 2026-05-17 12:00:24.760 [main] HelperClass - Clicking signin button
[INFO ] 2026-05-17 12:00:25.246 [main] HelperClass - user is on homepage
[INFO ] 2026-05-17 12:03:57.823 [main] HelperClass - User is on login page
[INFO ] 2026-05-17 12:03:59.874 [main] HelperClass - receptionist button clicked
[INFO ] 2026-05-17 12:04:00.517 [main] HelperClass - Clicking signin button
[INFO ] 2026-05-17 12:04:06.514 [main] HelperClass - user is on homepage
[INFO ] 2026-05-17 12:04:08.463 [main] HelperClass - Downloading file in format : pdf
[INFO ] 2026-05-17 12:04:09.402 [main] HelperClass - File downloaded
[INFO ] 2026-05-17 12:04:17.229 [main] HelperClass - User is on login page
[INFO ] 2026-05-17 12:04:19.256 [main] HelperClass - receptionist button clicked
[INFO ] 2026-05-17 12:04:19.743 [main] HelperClass - Clicking signin button
[INFO ] 2026-05-17 12:04:24.534 [main] HelperClass - user is on homepage
[INFO ] 2026-05-17 12:04:26.285 [main] HelperClass - Downloading file in format : csv
[INFO ] 2026-05-17 12:04:26.982 [main] HelperClass - File downloaded
[INFO ] 2026-05-17 12:04:35.583 [main] HelperClass - User is on login page
[INFO ] 2026-05-17 12:04:37.606 [main] HelperClass - receptionist button clicked
[INFO ] 2026-05-17 12:04:38.195 [main] HelperClass - Clicking signin button
[INFO ] 2026-05-17 12:04:42.988 [main] HelperClass - user is on homepage
[INFO ] 2026-05-17 12:04:44.716 [main] HelperClass - Downloading file in format : excel
[INFO ] 2026-05-17 12:07:50.470 [main] HelperClass - User is on login page
[INFO ] 2026-05-17 12:07:52.536 [main] HelperClass - receptionist button clicked
[INFO ] 2026-05-17 12:07:53.096 [main] HelperClass - Clicking signin button
[INFO ] 2026-05-17 12:07:58.885 [main] HelperClass - user is on homepage
[INFO ] 2026-05-17 12:07:59.420 [main] HelperClass - Downloading file in format : pdf
[INFO ] 2026-05-17 12:12:41.663 [main] HelperClass - User is on login page
[INFO ] 2026-05-17 12:12:43.711 [main] HelperClass - receptionist button clicked
[INFO ] 2026-05-17 12:12:44.279 [main] HelperClass - Clicking signin button
[INFO ] 2026-05-17 12:12:49.805 [main] HelperClass - user is on homepage
[INFO ] 2026-05-17 12:12:51.605 [main] HelperClass - Downloading file in format : pdf
[INFO ] 2026-05-17 12:12:52.770 [main] HelperClass - File downloaded
[INFO ] 2026-05-17 12:13:01.556 [main] HelperClass - User is on login page
[INFO ] 2026-05-17 12:13:03.610 [main] HelperClass - receptionist button clicked
[INFO ] 2026-05-17 12:13:04.074 [main] HelperClass - Clicking signin button
[INFO ] 2026-05-17 12:13:08.660 [main] HelperClass - user is on homepage
[INFO ] 2026-05-17 12:13:10.503 [main] HelperClass - Downloading file in format : csv
[INFO ] 2026-05-17 12:13:11.169 [main] HelperClass - File downloaded
[INFO ] 2026-05-17 12:13:20.322 [main] HelperClass - User is on login page
[INFO ] 2026-05-17 12:13:22.335 [main] HelperClass - receptionist button clicked
[INFO ] 2026-05-17 12:13:22.730 [main] HelperClass - Clicking signin button
[INFO ] 2026-05-17 12:13:27.477 [main] HelperClass - user is on homepage
[INFO ] 2026-05-17 12:13:29.355 [main] HelperClass - Downloading file in format : excel
[INFO ] 2026-05-17 12:16:13.792 [main] HelperClass - User is on login page
[INFO ] 2026-05-17 12:16:15.835 [main] HelperClass - receptionist button clicked
[INFO ] 2026-05-17 12:16:16.493 [main] HelperClass - Clicking signin button
[INFO ] 2026-05-17 12:16:23.160 [main] HelperClass - user is on homepage
[INFO ] 2026-05-17 12:16:25.618 [main] HelperClass - Downloading file in format : pdf
[INFO ] 2026-05-17 12:16:26.751 [main] HelperClass - File downloaded
[INFO ] 2026-05-17 12:16:34.311 [main] HelperClass - User is on login page
[INFO ] 2026-05-17 12:16:36.346 [main] HelperClass - receptionist button clicked
[INFO ] 2026-05-17 12:16:36.928 [main] HelperClass - Clicking signin button
[INFO ] 2026-05-17 12:16:41.828 [main] HelperClass - user is on homepage
[INFO ] 2026-05-17 12:16:43.606 [main] HelperClass - Downloading file in format : csv
[INFO ] 2026-05-17 12:16:44.298 [main] HelperClass - File downloaded
[INFO ] 2026-05-17 12:16:51.480 [main] HelperClass - User is on login page
[INFO ] 2026-05-17 12:16:53.513 [main] HelperClass - receptionist button clicked
[INFO ] 2026-05-17 12:16:54.114 [main] HelperClass - Clicking signin button
[INFO ] 2026-05-17 12:16:58.802 [main] HelperClass - user is on homepage
[INFO ] 2026-05-17 12:17:00.420 [main] HelperClass - Downloading file in format : excel
[INFO ] 2026-05-17 12:20:36.068 [main] HelperClass - User is on login page
[INFO ] 2026-05-17 12:20:38.144 [main] HelperClass - receptionist button clicked
[INFO ] 2026-05-17 12:20:38.716 [main] HelperClass - Clicking signin button
[INFO ] 2026-05-17 12:20:44.638 [main] HelperClass - user is on homepage
[INFO ] 2026-05-17 12:20:46.426 [main] HelperClass - Downloading file in format : pdf
[INFO ] 2026-05-17 12:20:47.173 [main] HelperClass - File downloaded
[INFO ] 2026-05-17 12:20:54.782 [main] HelperClass - User is on login page
[INFO ] 2026-05-17 12:20:56.806 [main] HelperClass - receptionist button clicked
[INFO ] 2026-05-17 12:20:57.426 [main] HelperClass - Clicking signin button
[INFO ] 2026-05-17 12:21:02.084 [main] HelperClass - user is on homepage
[INFO ] 2026-05-17 12:21:04.008 [main] HelperClass - Downloading file in format : csv
[INFO ] 2026-05-17 12:21:04.808 [main] HelperClass - File downloaded
[INFO ] 2026-05-17 12:21:14.572 [main] HelperClass - User is on login page
[INFO ] 2026-05-17 12:21:16.593 [main] HelperClass - receptionist button clicked
[INFO ] 2026-05-17 12:21:17.151 [main] HelperClass - Clicking signin button
[INFO ] 2026-05-17 12:21:22.099 [main] HelperClass - user is on homepage
[INFO ] 2026-05-17 12:21:23.668 [main] HelperClass - Downloading file in format : excel
[INFO ] 2026-05-17 12:21:24.368 [main] HelperClass - File downloaded
[INFO ] 2026-05-17 12:34:31.433 [main] HelperClass - Clicking receptionist button
[INFO ] 2026-05-17 12:34:31.799 [main] HelperClass - Clicking signin button
[INFO ] 2026-05-17 12:34:32.139 [main] HelperClass - Navigated to receptionist dashboard
[INFO ] 2026-05-17 12:34:32.148 [main] HelperClass - Navigating to appointment section
[INFO ] 2026-05-17 12:34:50.381 [main] HelperClass - Clicking receptionist button
[INFO ] 2026-05-17 12:34:51.068 [main] HelperClass - Clicking signin button
[INFO ] 2026-05-17 12:34:55.250 [main] HelperClass - Navigated to receptionist dashboard
[INFO ] 2026-05-17 12:34:55.261 [main] HelperClass - Navigating to appointment section
[INFO ] 2026-05-17 12:35:09.603 [main] HelperClass - Clicking receptionist button
[INFO ] 2026-05-17 12:35:09.920 [main] HelperClass - Clicking signin button
[INFO ] 2026-05-17 12:35:14.078 [main] HelperClass - Navigated to receptionist dashboard
[INFO ] 2026-05-17 12:35:14.089 [main] HelperClass - Navigating to appointment section
[INFO ] 2026-05-17 12:35:33.821 [main] HelperClass - Clicking receptionist button
[INFO ] 2026-05-17 12:35:34.161 [main] HelperClass - Clicking signin button
[INFO ] 2026-05-17 12:35:38.770 [main] HelperClass - Clicking appointment buttton
[INFO ] 2026-05-17 12:35:52.786 [main] HelperClass - Clicking receptionist button
[INFO ] 2026-05-17 12:35:53.094 [main] HelperClass - Clicking signin button
[INFO ] 2026-05-17 12:35:57.613 [main] HelperClass - Clicking appointment buttton
[INFO ] 2026-05-17 12:36:11.548 [main] HelperClass - Clicking receptionist button
[INFO ] 2026-05-17 12:36:12.323 [main] HelperClass - Clicking signin button
[INFO ] 2026-05-17 12:36:12.620 [main] HelperClass - Clicking appointment buttton
[INFO ] 2026-05-17 12:36:30.912 [main] HelperClass - User is on login site
[INFO ] 2026-05-17 12:36:31.590 [main] HelperClass - Clicking receptionist button
[INFO ] 2026-05-17 12:36:31.938 [main] HelperClass - Clicking signin button
[INFO ] 2026-05-17 12:36:36.106 [main] HelperClass - user is on homepage
[INFO ] 2026-05-17 12:36:37.643 [main] HelperClass - clicking front office
[INFO ] 2026-05-17 12:36:55.354 [main] HelperClass - user is on homepage
[INFO ] 2026-05-17 12:37:00.589 [main] HelperClass - Clicking on phone call log
[INFO ] 2026-05-17 12:37:17.310 [main] HelperClass - user is on homepage
[INFO ] 2026-05-17 12:37:23.108 [main] HelperClass - Clicking on phone call log for checking invalid
[INFO ] 2026-05-17 12:37:37.602 [main] HelperClass - User is on login page
[INFO ] 2026-05-17 12:37:39.632 [main] HelperClass - receptionist button clicked
[INFO ] 2026-05-17 12:37:39.866 [main] HelperClass - Clicking signin button
[INFO ] 2026-05-17 12:37:40.169 [main] HelperClass - user is on homepage
[INFO ] 2026-05-17 12:37:45.736 [main] HelperClass - Downloading file in format : pdf
[INFO ] 2026-05-17 12:37:46.290 [main] HelperClass - File downloaded
[INFO ] 2026-05-17 12:37:53.399 [main] HelperClass - User is on login page
[INFO ] 2026-05-17 12:37:55.431 [main] HelperClass - receptionist button clicked
[INFO ] 2026-05-17 12:37:55.802 [main] HelperClass - Clicking signin button
[INFO ] 2026-05-17 12:37:56.126 [main] HelperClass - user is on homepage
[INFO ] 2026-05-17 12:38:02.269 [main] HelperClass - Downloading file in format : csv
[INFO ] 2026-05-17 12:38:02.656 [main] HelperClass - File downloaded
[INFO ] 2026-05-17 12:38:09.658 [main] HelperClass - User is on login page
[INFO ] 2026-05-17 12:38:11.673 [main] HelperClass - receptionist button clicked
[INFO ] 2026-05-17 12:38:12.055 [main] HelperClass - Clicking signin button
[INFO ] 2026-05-17 12:38:12.289 [main] HelperClass - user is on homepage
[INFO ] 2026-05-17 12:38:17.822 [main] HelperClass - Downloading file in format : excel
[INFO ] 2026-05-17 12:38:18.535 [main] HelperClass - File downloaded
[INFO ] 2026-05-17 13:24:40.042 [main] HelperClass - Clicking receptionist button
[INFO ] 2026-05-17 13:24:40.357 [main] HelperClass - Clicking signin button
[INFO ] 2026-05-17 13:24:40.691 [main] HelperClass - Navigated to receptionist dashboard
[INFO ] 2026-05-17 13:24:40.697 [main] HelperClass - Navigating to appointment section
[INFO ] 2026-05-17 13:24:45.792 [main] HelperClass - Clicking Today Appointment filter
[INFO ] 2026-05-17 13:24:46.137 [main] HelperClass - Verifying today's appointment records
[INFO ] 2026-05-17 13:24:50.369 [main] HelperClass - Clicking receptionist button
[INFO ] 2026-05-17 13:24:50.841 [main] HelperClass - Clicking signin button
[INFO ] 2026-05-17 13:24:51.173 [main] HelperClass - Navigated to receptionist dashboard
[INFO ] 2026-05-17 13:24:51.184 [main] HelperClass - Navigating to appointment section
[INFO ] 2026-05-17 13:24:56.431 [main] HelperClass - Clicking Upcoming Appointment filter
[INFO ] 2026-05-17 13:24:56.753 [main] HelperClass - Verifying upcoming appointment records
[INFO ] 2026-05-17 13:25:00.920 [main] HelperClass - Clicking receptionist button
[INFO ] 2026-05-17 13:25:01.381 [main] HelperClass - Clicking signin button
[INFO ] 2026-05-17 13:25:05.938 [main] HelperClass - Navigated to receptionist dashboard
[INFO ] 2026-05-17 13:25:05.947 [main] HelperClass - Navigating to appointment section
[INFO ] 2026-05-17 13:25:07.268 [main] HelperClass - Clicking Old Appointment filter
[INFO ] 2026-05-17 13:25:07.632 [main] HelperClass - Verifying old appointment records
[INFO ] 2026-05-17 13:25:11.021 [main] HelperClass - Clicking receptionist button
[INFO ] 2026-05-17 13:25:11.523 [main] HelperClass - Clicking signin button
[INFO ] 2026-05-17 13:25:15.663 [main] HelperClass - Clicking appointment buttton
[INFO ] 2026-05-17 13:25:16.828 [main] HelperClass - Old appointment
[INFO ] 2026-05-17 13:25:17.171 [main] HelperClass - pdf button
[INFO ] 2026-05-17 13:25:17.790 [main] HelperClass - File downloaded successfully
[INFO ] 2026-05-17 13:25:21.164 [main] HelperClass - Clicking receptionist button
[INFO ] 2026-05-17 13:25:21.614 [main] HelperClass - Clicking signin button
[INFO ] 2026-05-17 13:25:25.746 [main] HelperClass - Clicking appointment buttton
[INFO ] 2026-05-17 13:25:26.731 [main] HelperClass - upcoming appointment
[INFO ] 2026-05-17 13:25:27.076 [main] HelperClass - Csv file
[INFO ] 2026-05-17 13:25:27.337 [main] HelperClass - File downloaded successfully
[INFO ] 2026-05-17 13:25:30.645 [main] HelperClass - Clicking receptionist button
[INFO ] 2026-05-17 13:25:31.269 [main] HelperClass - Clicking signin button
[INFO ] 2026-05-17 13:25:35.319 [main] HelperClass - Clicking appointment buttton
[INFO ] 2026-05-17 13:25:36.463 [main] HelperClass - Today appointment
[INFO ] 2026-05-17 13:25:36.735 [main] HelperClass - excel file
[INFO ] 2026-05-17 13:25:37.014 [main] HelperClass - File downloaded successfully
[INFO ] 2026-05-17 13:25:40.470 [main] HelperClass - User is on login site
[INFO ] 2026-05-17 13:25:40.988 [main] HelperClass - Clicking receptionist button
[INFO ] 2026-05-17 13:25:41.293 [main] HelperClass - Clicking signin button
[INFO ] 2026-05-17 13:25:45.195 [main] HelperClass - user is on homepage
[INFO ] 2026-05-17 13:25:46.298 [main] HelperClass - clicking front office
[INFO ] 2026-05-17 13:25:47.044 [main] HelperClass - complaint button
[INFO ] 2026-05-17 13:25:47.842 [main] HelperClass - adding complaint
[INFO ] 2026-05-17 13:25:48.173 [main] HelperClass - Taking data from the excel sheet
[DEBUG] 2026-05-17 13:25:48.622 [main] PackageRelationshipCollection - Parsing relationship: /xl/_rels/workbook.xml.rels
[DEBUG] 2026-05-17 13:25:48.627 [main] PackageRelationshipCollection - Parsing relationship: /_rels/.rels
[DEBUG] 2026-05-17 13:25:49.820 [main] PackageRelationshipCollection - Parsing relationship: /xl/_rels/workbook.xml.rels
[DEBUG] 2026-05-17 13:25:49.824 [main] PackageRelationshipCollection - Parsing relationship: /_rels/.rels
[DEBUG] 2026-05-17 13:25:49.903 [main] PackageRelationshipCollection - Parsing relationship: /xl/_rels/workbook.xml.rels
[DEBUG] 2026-05-17 13:25:49.906 [main] PackageRelationshipCollection - Parsing relationship: /_rels/.rels
[DEBUG] 2026-05-17 13:25:49.997 [main] PackageRelationshipCollection - Parsing relationship: /xl/_rels/workbook.xml.rels
[DEBUG] 2026-05-17 13:25:50.001 [main] PackageRelationshipCollection - Parsing relationship: /_rels/.rels
[INFO ] 2026-05-17 13:26:01.412 [main] HelperClass - user is on homepage
[INFO ] 2026-05-17 13:26:02.686 [main] HelperClass - Clicking on phone call log
[INFO ] 2026-05-17 13:26:03.444 [main] HelperClass - clicking on add call log
[INFO ] 2026-05-17 13:26:03.776 [main] HelperClass - Taking data from data table
[INFO ] 2026-05-17 13:26:05.683 [main] HelperClass - saving
[INFO ] 2026-05-17 13:26:05.943 [main] HelperClass - List displayed
[INFO ] 2026-05-17 13:26:06.030 [main] HelperClass - Listed
[INFO ] 2026-05-17 13:26:17.283 [main] HelperClass - user is on homepage
[INFO ] 2026-05-17 13:26:18.466 [main] HelperClass - Clicking on phone call log for checking invalid
[INFO ] 2026-05-17 13:26:19.205 [main] HelperClass - clicking on add call log for checking invalid
[INFO ] 2026-05-17 13:26:19.550 [main] HelperClass - Leaving fields empty
[INFO ] 2026-05-17 13:26:19.553 [main] HelperClass - CLicking the save button
[INFO ] 2026-05-17 13:26:20.451 [main] HelperClass - Error displayed
[INFO ] 2026-05-17 13:26:23.718 [main] HelperClass - User is on login page
[INFO ] 2026-05-17 13:26:25.729 [main] HelperClass - receptionist button clicked
[INFO ] 2026-05-17 13:26:25.962 [main] HelperClass - Clicking signin button
[INFO ] 2026-05-17 13:26:34.718 [main] HelperClass - user is on homepage
[INFO ] 2026-05-17 13:26:35.946 [main] HelperClass - Downloading file in format : pdf
[INFO ] 2026-05-17 13:26:36.278 [main] HelperClass - File downloaded
[INFO ] 2026-05-17 13:26:43.286 [main] HelperClass - User is on login page
[INFO ] 2026-05-17 13:26:45.303 [main] HelperClass - receptionist button clicked
[INFO ] 2026-05-17 13:26:45.638 [main] HelperClass - Clicking signin button
[INFO ] 2026-05-17 13:26:45.806 [main] HelperClass - user is on homepage
[INFO ] 2026-05-17 13:26:51.028 [main] HelperClass - Downloading file in format : csv
[INFO ] 2026-05-17 13:26:51.369 [main] HelperClass - File downloaded
[INFO ] 2026-05-17 13:26:57.985 [main] HelperClass - User is on login page
[INFO ] 2026-05-17 13:26:59.990 [main] HelperClass - receptionist button clicked
[INFO ] 2026-05-17 13:27:00.356 [main] HelperClass - Clicking signin button
[INFO ] 2026-05-17 13:27:01.115 [main] HelperClass - user is on homepage
[INFO ] 2026-05-17 13:27:05.756 [main] HelperClass - Downloading file in format : excel
[INFO ] 2026-05-17 13:27:06.086 [main] HelperClass - File downloaded
[INFO ] 2026-05-17 13:34:40.561 [main] HelperClass - User is on login site
[INFO ] 2026-05-17 13:34:40.804 [main] HelperClass - Clicking receptionist button
[INFO ] 2026-05-17 13:34:41.039 [main] HelperClass - Clicking signin button
[INFO ] 2026-05-17 13:34:44.916 [main] HelperClass - user is on homepage
[INFO ] 2026-05-17 13:34:46.235 [main] HelperClass - clicking front office
[INFO ] 2026-05-17 13:34:46.866 [main] HelperClass - complaint button
[INFO ] 2026-05-17 13:34:47.675 [main] HelperClass - adding complaint
[INFO ] 2026-05-17 13:34:47.984 [main] HelperClass - Taking data from the excel sheet
[DEBUG] 2026-05-17 13:34:48.239 [main] PackageRelationshipCollection - Parsing relationship: /xl/_rels/workbook.xml.rels
[DEBUG] 2026-05-17 13:34:48.243 [main] PackageRelationshipCollection - Parsing relationship: /_rels/.rels
[DEBUG] 2026-05-17 13:34:48.846 [main] PackageRelationshipCollection - Parsing relationship: /xl/_rels/workbook.xml.rels
[DEBUG] 2026-05-17 13:34:48.848 [main] PackageRelationshipCollection - Parsing relationship: /_rels/.rels
[DEBUG] 2026-05-17 13:34:48.883 [main] PackageRelationshipCollection - Parsing relationship: /xl/_rels/workbook.xml.rels
[DEBUG] 2026-05-17 13:34:48.884 [main] PackageRelationshipCollection - Parsing relationship: /_rels/.rels
[DEBUG] 2026-05-17 13:34:48.927 [main] PackageRelationshipCollection - Parsing relationship: /xl/_rels/workbook.xml.rels
[DEBUG] 2026-05-17 13:34:48.929 [main] PackageRelationshipCollection - Parsing relationship: /_rels/.rels
[INFO ] 2026-05-17 13:34:49.810 [main] HelperClass - save button
[INFO ] 2026-05-17 13:34:49.990 [main] HelperClass - verifying
[INFO ] 2026-05-17 13:35:29.734 [main] HelperClass - Clicking receptionist button
[INFO ] 2026-05-17 13:35:30.003 [main] HelperClass - Clicking signin button
[INFO ] 2026-05-17 13:35:34.058 [main] HelperClass - Navigated to receptionist dashboard
[INFO ] 2026-05-17 13:35:34.063 [main] HelperClass - Navigating to appointment section
[INFO ] 2026-05-17 13:35:35.316 [main] HelperClass - Clicking Today Appointment filter
[INFO ] 2026-05-17 13:35:35.653 [main] HelperClass - Verifying today's appointment records
[INFO ] 2026-05-17 13:35:39.638 [main] HelperClass - Clicking receptionist button
[INFO ] 2026-05-17 13:35:40.189 [main] HelperClass - Clicking signin button
[INFO ] 2026-05-17 13:35:40.498 [main] HelperClass - Navigated to receptionist dashboard
[INFO ] 2026-05-17 13:35:40.505 [main] HelperClass - Navigating to appointment section
[INFO ] 2026-05-17 13:35:45.648 [main] HelperClass - Clicking Upcoming Appointment filter
[INFO ] 2026-05-17 13:35:45.991 [main] HelperClass - Verifying upcoming appointment records
[INFO ] 2026-05-17 13:35:50.049 [main] HelperClass - Clicking receptionist button
[INFO ] 2026-05-17 13:35:50.440 [main] HelperClass - Clicking signin button
[INFO ] 2026-05-17 13:35:54.465 [main] HelperClass - Navigated to receptionist dashboard
[INFO ] 2026-05-17 13:35:54.467 [main] HelperClass - Navigating to appointment section
[INFO ] 2026-05-17 13:35:55.734 [main] HelperClass - Clicking Old Appointment filter
[INFO ] 2026-05-17 13:35:56.106 [main] HelperClass - Verifying old appointment records
[INFO ] 2026-05-17 13:35:59.380 [main] HelperClass - Clicking receptionist button
[INFO ] 2026-05-17 13:35:59.627 [main] HelperClass - Clicking signin button
[INFO ] 2026-05-17 13:36:03.806 [main] HelperClass - Clicking appointment buttton
[INFO ] 2026-05-17 13:36:04.976 [main] HelperClass - Old appointment
[INFO ] 2026-05-17 13:36:05.314 [main] HelperClass - pdf button
[INFO ] 2026-05-17 13:36:06.013 [main] HelperClass - File downloaded successfully
[INFO ] 2026-05-17 13:36:09.366 [main] HelperClass - Clicking receptionist button
[INFO ] 2026-05-17 13:36:09.816 [main] HelperClass - Clicking signin button
[INFO ] 2026-05-17 13:36:14.024 [main] HelperClass - Clicking appointment buttton
[INFO ] 2026-05-17 13:36:15.229 [main] HelperClass - upcoming appointment
[INFO ] 2026-05-17 13:36:15.555 [main] HelperClass - Csv file
[INFO ] 2026-05-17 13:36:15.788 [main] HelperClass - File downloaded successfully
[INFO ] 2026-05-17 13:36:19.221 [main] HelperClass - Clicking receptionist button
[INFO ] 2026-05-17 13:36:19.662 [main] HelperClass - Clicking signin button
[INFO ] 2026-05-17 13:36:20.520 [main] HelperClass - Clicking appointment buttton
[INFO ] 2026-05-17 13:36:29.142 [main] HelperClass - Today appointment
[INFO ] 2026-05-17 13:36:29.352 [main] HelperClass - excel file
[INFO ] 2026-05-17 13:36:29.597 [main] HelperClass - File downloaded successfully
[INFO ] 2026-05-17 13:36:33.281 [main] HelperClass - User is on login site
[INFO ] 2026-05-17 13:36:33.803 [main] HelperClass - Clicking receptionist button
[INFO ] 2026-05-17 13:36:34.221 [main] HelperClass - Clicking signin button
[INFO ] 2026-05-17 13:36:38.626 [main] HelperClass - user is on homepage
[INFO ] 2026-05-17 13:36:40.116 [main] HelperClass - clicking front office
[INFO ] 2026-05-17 13:36:41.111 [main] HelperClass - complaint button
[INFO ] 2026-05-17 13:36:42.101 [main] HelperClass - adding complaint
[INFO ] 2026-05-17 13:36:42.472 [main] HelperClass - Taking data from the excel sheet
[DEBUG] 2026-05-17 13:36:43.137 [main] PackageRelationshipCollection - Parsing relationship: /xl/_rels/workbook.xml.rels
[DEBUG] 2026-05-17 13:36:43.188 [main] PackageRelationshipCollection - Parsing relationship: /_rels/.rels
[DEBUG] 2026-05-17 13:36:44.444 [main] PackageRelationshipCollection - Parsing relationship: /xl/_rels/workbook.xml.rels
[DEBUG] 2026-05-17 13:36:44.448 [main] PackageRelationshipCollection - Parsing relationship: /_rels/.rels
[DEBUG] 2026-05-17 13:36:44.503 [main] PackageRelationshipCollection - Parsing relationship: /xl/_rels/workbook.xml.rels
[DEBUG] 2026-05-17 13:36:44.508 [main] PackageRelationshipCollection - Parsing relationship: /_rels/.rels
[DEBUG] 2026-05-17 13:36:44.715 [main] PackageRelationshipCollection - Parsing relationship: /xl/_rels/workbook.xml.rels
[DEBUG] 2026-05-17 13:36:44.717 [main] PackageRelationshipCollection - Parsing relationship: /_rels/.rels
[INFO ] 2026-05-17 13:36:45.901 [main] HelperClass - save button
[INFO ] 2026-05-17 13:36:46.202 [main] HelperClass - verifying
[INFO ] 2026-05-17 13:36:57.632 [main] HelperClass - user is on homepage
[INFO ] 2026-05-17 13:37:10.420 [main] HelperClass - Clicking on phone call log
[INFO ] 2026-05-17 13:37:11.200 [main] HelperClass - clicking on add call log
[INFO ] 2026-05-17 13:37:11.449 [main] HelperClass - Taking data from data table
[INFO ] 2026-05-17 13:37:13.266 [main] HelperClass - saving
[INFO ] 2026-05-17 13:37:13.502 [main] HelperClass - List displayed
[INFO ] 2026-05-17 13:37:13.613 [main] HelperClass - Listed
[INFO ] 2026-05-17 13:37:23.931 [main] HelperClass - user is on homepage
[INFO ] 2026-05-17 13:37:25.285 [main] HelperClass - Clicking on phone call log for checking invalid
[INFO ] 2026-05-17 13:37:26.007 [main] HelperClass - clicking on add call log for checking invalid
[INFO ] 2026-05-17 13:37:26.329 [main] HelperClass - Leaving fields empty
[INFO ] 2026-05-17 13:37:26.335 [main] HelperClass - CLicking the save button
[INFO ] 2026-05-17 13:37:27.168 [main] HelperClass - Error displayed
[INFO ] 2026-05-17 13:37:30.418 [main] HelperClass - User is on login page
[INFO ] 2026-05-17 13:37:32.439 [main] HelperClass - receptionist button clicked
[INFO ] 2026-05-17 13:37:32.745 [main] HelperClass - Clicking signin button
[INFO ] 2026-05-17 13:37:32.915 [main] HelperClass - user is on homepage
[INFO ] 2026-05-17 13:37:37.892 [main] HelperClass - Downloading file in format : pdf
[INFO ] 2026-05-17 13:37:38.350 [main] HelperClass - File downloaded
[INFO ] 2026-05-17 13:37:45.086 [main] HelperClass - User is on login page
[INFO ] 2026-05-17 13:37:47.101 [main] HelperClass - receptionist button clicked
[INFO ] 2026-05-17 13:37:47.448 [main] HelperClass - Clicking signin button
[INFO ] 2026-05-17 13:37:47.730 [main] HelperClass - user is on homepage
[INFO ] 2026-05-17 13:37:53.754 [main] HelperClass - Downloading file in format : csv
[INFO ] 2026-05-17 13:37:54.057 [main] HelperClass - File downloaded
[INFO ] 2026-05-17 13:38:01.348 [main] HelperClass - User is on login page
[INFO ] 2026-05-17 13:38:03.375 [main] HelperClass - receptionist button clicked
[INFO ] 2026-05-17 13:38:03.681 [main] HelperClass - Clicking signin button
[INFO ] 2026-05-17 13:38:08.120 [main] HelperClass - user is on homepage
[INFO ] 2026-05-17 13:38:09.517 [main] HelperClass - Downloading file in format : excel
[INFO ] 2026-05-17 13:38:09.855 [main] HelperClass - File downloaded
[INFO ] 2026-05-17 14:39:15.584 [TestNG-test-CucumberTests-1] HelperClass - Clicking receptionist button
[INFO ] 2026-05-17 14:39:15.772 [TestNG-test-CucumberTests-1] HelperClass - Clicking signin button
[INFO ] 2026-05-17 14:39:15.921 [TestNG-test-CucumberTests-1] HelperClass - Navigated to receptionist dashboard
[INFO ] 2026-05-17 14:39:15.923 [TestNG-test-CucumberTests-1] HelperClass - Navigating to appointment section
[INFO ] 2026-05-17 14:39:20.733 [TestNG-test-CucumberTests-1] HelperClass - Clicking Today Appointment filter
[INFO ] 2026-05-17 14:39:24.986 [TestNG-test-CucumberTests-1] HelperClass - Clicking receptionist button
[INFO ] 2026-05-17 14:39:25.257 [TestNG-test-CucumberTests-1] HelperClass - Clicking signin button
[INFO ] 2026-05-17 14:39:25.457 [TestNG-test-CucumberTests-1] HelperClass - Navigated to receptionist dashboard
[INFO ] 2026-05-17 14:39:25.458 [TestNG-test-CucumberTests-1] HelperClass - Navigating to appointment section
[INFO ] 2026-05-17 14:39:29.972 [TestNG-test-CucumberTests-1] HelperClass - Clicking Upcoming Appointment filter
[INFO ] 2026-05-17 14:39:34.316 [TestNG-test-CucumberTests-1] HelperClass - Clicking receptionist button
[INFO ] 2026-05-17 14:39:34.565 [TestNG-test-CucumberTests-1] HelperClass - Clicking signin button
[INFO ] 2026-05-17 14:39:34.836 [TestNG-test-CucumberTests-1] HelperClass - Navigated to receptionist dashboard
[INFO ] 2026-05-17 14:39:34.840 [TestNG-test-CucumberTests-1] HelperClass - Navigating to appointment section
[INFO ] 2026-05-17 14:39:39.485 [TestNG-test-CucumberTests-1] HelperClass - Clicking Old Appointment filter
[INFO ] 2026-05-17 14:39:43.407 [TestNG-test-CucumberTests-1] HelperClass - Clicking receptionist button
[INFO ] 2026-05-17 14:39:43.630 [TestNG-test-CucumberTests-1] HelperClass - Clicking signin button
[INFO ] 2026-05-17 14:39:43.813 [TestNG-test-CucumberTests-1] HelperClass - Clicking appointment buttton
[INFO ] 2026-05-17 14:39:48.508 [TestNG-test-CucumberTests-1] HelperClass - Old appointment
[INFO ] 2026-05-17 14:39:52.172 [TestNG-test-CucumberTests-1] HelperClass - Clicking receptionist button
[INFO ] 2026-05-17 14:39:52.348 [TestNG-test-CucumberTests-1] HelperClass - Clicking signin button
[INFO ] 2026-05-17 14:39:56.199 [TestNG-test-CucumberTests-1] HelperClass - Clicking appointment buttton
[INFO ] 2026-05-17 14:39:56.987 [TestNG-test-CucumberTests-1] HelperClass - upcoming appointment
[INFO ] 2026-05-17 14:40:00.889 [TestNG-test-CucumberTests-1] HelperClass - Clicking receptionist button
[INFO ] 2026-05-17 14:40:01.121 [TestNG-test-CucumberTests-1] HelperClass - Clicking signin button
[INFO ] 2026-05-17 14:40:05.424 [TestNG-test-CucumberTests-1] HelperClass - Clicking appointment buttton
[INFO ] 2026-05-17 14:40:06.269 [TestNG-test-CucumberTests-1] HelperClass - Today appointment
[INFO ] 2026-05-17 14:40:09.908 [TestNG-test-CucumberTests-1] HelperClass - User is on login site
[INFO ] 2026-05-17 14:40:10.065 [TestNG-test-CucumberTests-1] HelperClass - Clicking receptionist button
[INFO ] 2026-05-17 14:40:10.207 [TestNG-test-CucumberTests-1] HelperClass - Clicking signin button
[INFO ] 2026-05-17 14:40:10.352 [TestNG-test-CucumberTests-1] HelperClass - user is on homepage
[INFO ] 2026-05-17 14:40:30.898 [TestNG-test-CucumberTests-1] HelperClass - user is on homepage
[INFO ] 2026-05-17 14:40:46.366 [TestNG-test-CucumberTests-1] HelperClass - user is on homepage
[INFO ] 2026-05-17 14:40:59.672 [TestNG-test-CucumberTests-1] HelperClass - User is on login page
[INFO ] 2026-05-17 14:41:01.673 [TestNG-test-CucumberTests-1] HelperClass - receptionist button clicked
[INFO ] 2026-05-17 14:41:01.882 [TestNG-test-CucumberTests-1] HelperClass - Clicking signin button
[INFO ] 2026-05-17 14:41:05.748 [TestNG-test-CucumberTests-1] HelperClass - user is on homepage
[INFO ] 2026-05-17 14:41:18.572 [TestNG-test-CucumberTests-1] HelperClass - User is on login page
[INFO ] 2026-05-17 14:41:20.574 [TestNG-test-CucumberTests-1] HelperClass - receptionist button clicked
[INFO ] 2026-05-17 14:41:20.758 [TestNG-test-CucumberTests-1] HelperClass - Clicking signin button
[INFO ] 2026-05-17 14:41:20.893 [TestNG-test-CucumberTests-1] HelperClass - user is on homepage
[INFO ] 2026-05-17 14:41:34.325 [TestNG-test-CucumberTests-1] HelperClass - User is on login page
[INFO ] 2026-05-17 14:41:36.326 [TestNG-test-CucumberTests-1] HelperClass - receptionist button clicked
[INFO ] 2026-05-17 14:41:36.485 [TestNG-test-CucumberTests-1] HelperClass - Clicking signin button
[INFO ] 2026-05-17 14:41:40.825 [TestNG-test-CucumberTests-1] HelperClass - user is on homepage
[INFO ] 2026-05-18 12:57:24.454 [main] HelperClass - Entering into the appointment section
[INFO ] 2026-05-18 12:57:28.809 [main] HelperClass - Adding appointment
[INFO ] 2026-05-18 12:57:29.022 [main] HelperClass - Entering the credentials
[DEBUG] 2026-05-18 12:57:29.245 [main] PackageRelationshipCollection - Parsing relationship: /xl/_rels/workbook.xml.rels
[DEBUG] 2026-05-18 12:57:29.248 [main] PackageRelationshipCollection - Parsing relationship: /_rels/.rels
[DEBUG] 2026-05-18 12:57:29.834 [main] PackageRelationshipCollection - Parsing relationship: /xl/_rels/workbook.xml.rels
[DEBUG] 2026-05-18 12:57:29.836 [main] PackageRelationshipCollection - Parsing relationship: /_rels/.rels
[DEBUG] 2026-05-18 12:57:29.862 [main] PackageRelationshipCollection - Parsing relationship: /xl/_rels/workbook.xml.rels
[DEBUG] 2026-05-18 12:57:29.863 [main] PackageRelationshipCollection - Parsing relationship: /_rels/.rels
[DEBUG] 2026-05-18 12:57:29.888 [main] PackageRelationshipCollection - Parsing relationship: /xl/_rels/workbook.xml.rels
[DEBUG] 2026-05-18 12:57:29.890 [main] PackageRelationshipCollection - Parsing relationship: /_rels/.rels
[DEBUG] 2026-05-18 12:57:29.912 [main] PackageRelationshipCollection - Parsing relationship: /xl/_rels/workbook.xml.rels
[DEBUG] 2026-05-18 12:57:29.914 [main] PackageRelationshipCollection - Parsing relationship: /_rels/.rels
[DEBUG] 2026-05-18 12:57:29.935 [main] PackageRelationshipCollection - Parsing relationship: /xl/_rels/workbook.xml.rels
[DEBUG] 2026-05-18 12:57:29.936 [main] PackageRelationshipCollection - Parsing relationship: /_rels/.rels
[INFO ] 2026-05-18 12:57:47.273 [main] HelperClass - Entering into the appointment section
[INFO ] 2026-05-18 12:57:52.025 [main] HelperClass - Adding appointment
[INFO ] 2026-05-18 12:57:52.234 [main] HelperClass - Leaving fields empty
[INFO ] 2026-05-18 12:57:52.236 [main] HelperClass - Clicking save
[INFO ] 2026-05-18 12:57:52.995 [main] HelperClass - Error message shown
[INFO ] 2026-05-18 12:58:00.925 [main] HelperClass - Entering into the appointment section
[INFO ] 2026-05-18 12:58:07.546 [main] HelperClass - Adding appointment
[INFO ] 2026-05-18 12:58:07.707 [main] HelperClass - Error message shown
[INFO ] 2026-05-18 13:16:47.552 [main] HelperClass - Entering appointment section
[INFO ] 2026-05-18 13:16:47.622 [main] HelperClass - Adding appointment
[INFO ] 2026-05-18 13:17:09.761 [main] HelperClass - Entering appointment section
[INFO ] 2026-05-18 13:17:09.849 [main] HelperClass - Adding appointment
[INFO ] 2026-05-18 13:26:10.699 [main] HelperClass - Entering into appointment section
[INFO ] 2026-05-18 13:26:15.223 [main] HelperClass - Adding appointment
[INFO ] 2026-05-18 13:26:36.789 [main] HelperClass - Entering appointment section
[INFO ] 2026-05-18 13:26:36.912 [main] HelperClass - Adding appointment
[INFO ] 2026-05-18 13:27:02.542 [main] HelperClass - Entering appointment section
[INFO ] 2026-05-18 13:27:02.665 [main] HelperClass - Adding appointment
[INFO ] 2026-05-18 13:29:11.608 [main] HelperClass - Entering into appointment section
[INFO ] 2026-05-18 13:29:11.676 [main] HelperClass - Adding appointment
[INFO ] 2026-05-18 13:30:55.525 [main] HelperClass - Entering into appointment section
[INFO ] 2026-05-18 13:30:59.942 [main] HelperClass - Adding appointment
[INFO ] 2026-05-18 13:57:07.533 [main] HelperClass - Entering into appointment section
[INFO ] 2026-05-18 13:57:11.601 [main] HelperClass - Adding appointment
[INFO ] 2026-05-18 13:57:29.861 [main] HelperClass - Entering appointment section
[INFO ] 2026-05-18 13:57:34.321 [main] HelperClass - Adding appointment
[INFO ] 2026-05-18 13:57:52.092 [main] HelperClass - Entering appointment section
[INFO ] 2026-05-18 13:57:57.346 [main] HelperClass - Adding appointment
[INFO ] 2026-05-18 14:00:30.716 [main] HelperClass - Entering into appointment section
[INFO ] 2026-05-18 14:00:36.125 [main] HelperClass - Adding appointment
[INFO ] 2026-05-18 14:00:36.200 [main] HelperClass - Entering valid credentials
[DEBUG] 2026-05-18 14:00:36.439 [main] PackageRelationshipCollection - Parsing relationship: /xl/_rels/workbook.xml.rels
[DEBUG] 2026-05-18 14:00:36.444 [main] PackageRelationshipCollection - Parsing relationship: /_rels/.rels
[DEBUG] 2026-05-18 14:00:37.305 [main] PackageRelationshipCollection - Parsing relationship: /xl/_rels/workbook.xml.rels
[DEBUG] 2026-05-18 14:00:37.308 [main] PackageRelationshipCollection - Parsing relationship: /_rels/.rels
[DEBUG] 2026-05-18 14:00:37.368 [main] PackageRelationshipCollection - Parsing relationship: /xl/_rels/workbook.xml.rels
[DEBUG] 2026-05-18 14:00:37.371 [main] PackageRelationshipCollection - Parsing relationship: /_rels/.rels
[DEBUG] 2026-05-18 14:00:37.421 [main] PackageRelationshipCollection - Parsing relationship: /xl/_rels/workbook.xml.rels
[DEBUG] 2026-05-18 14:00:37.424 [main] PackageRelationshipCollection - Parsing relationship: /_rels/.rels
[DEBUG] 2026-05-18 14:00:37.475 [main] PackageRelationshipCollection - Parsing relationship: /xl/_rels/workbook.xml.rels
[DEBUG] 2026-05-18 14:00:37.478 [main] PackageRelationshipCollection - Parsing relationship: /_rels/.rels
[DEBUG] 2026-05-18 14:00:37.524 [main] PackageRelationshipCollection - Parsing relationship: /xl/_rels/workbook.xml.rels
[DEBUG] 2026-05-18 14:00:37.527 [main] PackageRelationshipCollection - Parsing relationship: /_rels/.rels
[INFO ] 2026-05-18 14:00:55.797 [main] HelperClass - Entering appointment section
[INFO ] 2026-05-18 14:01:01.276 [main] HelperClass - Adding appointment
[INFO ] 2026-05-18 14:01:01.341 [main] HelperClass - Leaving fields empty
[INFO ] 2026-05-18 14:01:01.343 [main] HelperClass - Clicking save button
[INFO ] 2026-05-18 14:01:01.960 [main] HelperClass - Validation message displayed
[INFO ] 2026-05-18 14:01:08.856 [main] HelperClass - Entering appointment section
[INFO ] 2026-05-18 14:01:14.916 [main] HelperClass - Adding appointment
[INFO ] 2026-05-18 14:01:14.976 [main] HelperClass - Entering invalid appointment details
[DEBUG] 2026-05-18 14:01:14.988 [main] PackageRelationshipCollection - Parsing relationship: /xl/_rels/workbook.xml.rels
[DEBUG] 2026-05-18 14:01:14.990 [main] PackageRelationshipCollection - Parsing relationship: /_rels/.rels
[DEBUG] 2026-05-18 14:01:15.027 [main] PackageRelationshipCollection - Parsing relationship: /xl/_rels/workbook.xml.rels
[DEBUG] 2026-05-18 14:01:15.029 [main] PackageRelationshipCollection - Parsing relationship: /_rels/.rels
[DEBUG] 2026-05-18 14:01:15.072 [main] PackageRelationshipCollection - Parsing relationship: /xl/_rels/workbook.xml.rels
[DEBUG] 2026-05-18 14:01:15.074 [main] PackageRelationshipCollection - Parsing relationship: /_rels/.rels
[DEBUG] 2026-05-18 14:01:15.108 [main] PackageRelationshipCollection - Parsing relationship: /xl/_rels/workbook.xml.rels
[DEBUG] 2026-05-18 14:01:15.110 [main] PackageRelationshipCollection - Parsing relationship: /_rels/.rels
[DEBUG] 2026-05-18 14:01:15.151 [main] PackageRelationshipCollection - Parsing relationship: /xl/_rels/workbook.xml.rels
[DEBUG] 2026-05-18 14:01:15.154 [main] PackageRelationshipCollection - Parsing relationship: /_rels/.rels
[DEBUG] 2026-05-18 14:01:15.192 [main] PackageRelationshipCollection - Parsing relationship: /xl/_rels/workbook.xml.rels
[DEBUG] 2026-05-18 14:01:15.193 [main] PackageRelationshipCollection - Parsing relationship: /_rels/.rels
[INFO ] 2026-05-18 14:04:05.672 [main] HelperClass - Entering into appointment section
[INFO ] 2026-05-18 14:04:07.138 [main] HelperClass - Adding appointment
[INFO ] 2026-05-18 14:04:07.225 [main] HelperClass - Entering valid credentials
[DEBUG] 2026-05-18 14:04:07.466 [main] PackageRelationshipCollection - Parsing relationship: /xl/_rels/workbook.xml.rels
[DEBUG] 2026-05-18 14:04:07.472 [main] PackageRelationshipCollection - Parsing relationship: /_rels/.rels
[DEBUG] 2026-05-18 14:04:08.370 [main] PackageRelationshipCollection - Parsing relationship: /xl/_rels/workbook.xml.rels
[DEBUG] 2026-05-18 14:04:08.373 [main] PackageRelationshipCollection - Parsing relationship: /_rels/.rels
[DEBUG] 2026-05-18 14:04:08.438 [main] PackageRelationshipCollection - Parsing relationship: /xl/_rels/workbook.xml.rels
[DEBUG] 2026-05-18 14:04:08.440 [main] PackageRelationshipCollection - Parsing relationship: /_rels/.rels
[DEBUG] 2026-05-18 14:04:08.486 [main] PackageRelationshipCollection - Parsing relationship: /xl/_rels/workbook.xml.rels
[DEBUG] 2026-05-18 14:04:08.488 [main] PackageRelationshipCollection - Parsing relationship: /_rels/.rels
[DEBUG] 2026-05-18 14:04:08.541 [main] PackageRelationshipCollection - Parsing relationship: /xl/_rels/workbook.xml.rels
[DEBUG] 2026-05-18 14:04:08.544 [main] PackageRelationshipCollection - Parsing relationship: /_rels/.rels
[DEBUG] 2026-05-18 14:04:08.598 [main] PackageRelationshipCollection - Parsing relationship: /xl/_rels/workbook.xml.rels
[DEBUG] 2026-05-18 14:04:08.609 [main] PackageRelationshipCollection - Parsing relationship: /_rels/.rels
[INFO ] 2026-05-18 14:04:31.295 [main] HelperClass - Entering appointment section
[INFO ] 2026-05-18 14:04:32.952 [main] HelperClass - Adding appointment
[INFO ] 2026-05-18 14:04:33.044 [main] HelperClass - Leaving fields empty
[INFO ] 2026-05-18 14:04:33.046 [main] HelperClass - Clicking save button
[INFO ] 2026-05-18 14:04:33.687 [main] HelperClass - Validation message displayed
[INFO ] 2026-05-18 14:04:47.205 [main] HelperClass - Entering appointment section
[INFO ] 2026-05-18 14:04:48.836 [main] HelperClass - Adding appointment
[INFO ] 2026-05-18 14:04:48.916 [main] HelperClass - Entering invalid appointment details
[DEBUG] 2026-05-18 14:04:48.927 [main] PackageRelationshipCollection - Parsing relationship: /xl/_rels/workbook.xml.rels
[DEBUG] 2026-05-18 14:04:48.930 [main] PackageRelationshipCollection - Parsing relationship: /_rels/.rels
[DEBUG] 2026-05-18 14:04:48.962 [main] PackageRelationshipCollection - Parsing relationship: /xl/_rels/workbook.xml.rels
[DEBUG] 2026-05-18 14:04:48.964 [main] PackageRelationshipCollection - Parsing relationship: /_rels/.rels
[DEBUG] 2026-05-18 14:04:49.014 [main] PackageRelationshipCollection - Parsing relationship: /xl/_rels/workbook.xml.rels
[DEBUG] 2026-05-18 14:04:49.016 [main] PackageRelationshipCollection - Parsing relationship: /_rels/.rels
[DEBUG] 2026-05-18 14:04:49.055 [main] PackageRelationshipCollection - Parsing relationship: /xl/_rels/workbook.xml.rels
[DEBUG] 2026-05-18 14:04:49.056 [main] PackageRelationshipCollection - Parsing relationship: /_rels/.rels
[DEBUG] 2026-05-18 14:04:49.097 [main] PackageRelationshipCollection - Parsing relationship: /xl/_rels/workbook.xml.rels
[DEBUG] 2026-05-18 14:04:49.099 [main] PackageRelationshipCollection - Parsing relationship: /_rels/.rels
[DEBUG] 2026-05-18 14:04:49.166 [main] PackageRelationshipCollection - Parsing relationship: /xl/_rels/workbook.xml.rels
[DEBUG] 2026-05-18 14:04:49.168 [main] PackageRelationshipCollection - Parsing relationship: /_rels/.rels
[INFO ] 2026-05-18 14:07:21.849 [main] HelperClass - Entering into appointment section
[INFO ] 2026-05-18 14:07:29.863 [main] HelperClass - Adding appointment
[INFO ] 2026-05-18 14:07:29.938 [main] HelperClass - Entering valid credentials
[DEBUG] 2026-05-18 14:07:30.183 [main] PackageRelationshipCollection - Parsing relationship: /xl/_rels/workbook.xml.rels
[DEBUG] 2026-05-18 14:07:30.189 [main] PackageRelationshipCollection - Parsing relationship: /_rels/.rels
[DEBUG] 2026-05-18 14:07:31.025 [main] PackageRelationshipCollection - Parsing relationship: /xl/_rels/workbook.xml.rels
[DEBUG] 2026-05-18 14:07:31.028 [main] PackageRelationshipCollection - Parsing relationship: /_rels/.rels
[DEBUG] 2026-05-18 14:07:31.086 [main] PackageRelationshipCollection - Parsing relationship: /xl/_rels/workbook.xml.rels
[DEBUG] 2026-05-18 14:07:31.087 [main] PackageRelationshipCollection - Parsing relationship: /_rels/.rels
[DEBUG] 2026-05-18 14:07:31.144 [main] PackageRelationshipCollection - Parsing relationship: /xl/_rels/workbook.xml.rels
[DEBUG] 2026-05-18 14:07:31.147 [main] PackageRelationshipCollection - Parsing relationship: /_rels/.rels
[DEBUG] 2026-05-18 14:07:31.201 [main] PackageRelationshipCollection - Parsing relationship: /xl/_rels/workbook.xml.rels
[DEBUG] 2026-05-18 14:07:31.204 [main] PackageRelationshipCollection - Parsing relationship: /_rels/.rels
[DEBUG] 2026-05-18 14:07:31.255 [main] PackageRelationshipCollection - Parsing relationship: /xl/_rels/workbook.xml.rels
[DEBUG] 2026-05-18 14:07:31.258 [main] PackageRelationshipCollection - Parsing relationship: /_rels/.rels
[INFO ] 2026-05-18 14:16:44.258 [main] HelperClass - Clicking receptionist button
[INFO ] 2026-05-18 14:16:44.491 [main] HelperClass - Clicking signin button
[INFO ] 2026-05-18 14:16:44.715 [main] HelperClass - Navigated to receptionist dashboard
[INFO ] 2026-05-18 14:16:44.717 [main] HelperClass - Navigating to appointment section
[INFO ] 2026-05-18 14:16:51.193 [main] HelperClass - Clicking Today Appointment filter
[INFO ] 2026-05-18 14:16:51.408 [main] HelperClass - Verifying today's appointment records
[INFO ] 2026-05-18 14:16:55.574 [main] HelperClass - Clicking receptionist button
[INFO ] 2026-05-18 14:16:55.808 [main] HelperClass - Clicking signin button
[INFO ] 2026-05-18 14:16:56.019 [main] HelperClass - Navigated to receptionist dashboard
[INFO ] 2026-05-18 14:16:56.021 [main] HelperClass - Navigating to appointment section
[INFO ] 2026-05-18 14:17:01.071 [main] HelperClass - Clicking Upcoming Appointment filter
[INFO ] 2026-05-18 14:17:01.371 [main] HelperClass - Verifying upcoming appointment records
[INFO ] 2026-05-18 14:17:05.706 [main] HelperClass - Clicking receptionist button
[INFO ] 2026-05-18 14:17:05.923 [main] HelperClass - Clicking signin button
[INFO ] 2026-05-18 14:17:06.145 [main] HelperClass - Navigated to receptionist dashboard
[INFO ] 2026-05-18 14:17:06.147 [main] HelperClass - Navigating to appointment section
[INFO ] 2026-05-18 14:17:11.523 [main] HelperClass - Clicking Old Appointment filter
[INFO ] 2026-05-18 14:17:15.562 [main] HelperClass - Clicking receptionist button
[INFO ] 2026-05-18 14:17:15.734 [main] HelperClass - Clicking signin button
[INFO ] 2026-05-18 14:17:15.893 [main] HelperClass - Clicking appointment buttton
[INFO ] 2026-05-18 14:17:21.504 [main] HelperClass - Old appointment
[INFO ] 2026-05-18 14:17:21.770 [main] HelperClass - pdf button
[INFO ] 2026-05-18 14:17:22.202 [main] HelperClass - File downloaded successfully
[INFO ] 2026-05-18 14:17:26.131 [main] HelperClass - Clicking receptionist button
[INFO ] 2026-05-18 14:17:26.316 [main] HelperClass - Clicking signin button
[INFO ] 2026-05-18 14:17:26.448 [main] HelperClass - Clicking appointment buttton
[INFO ] 2026-05-18 14:17:32.694 [main] HelperClass - upcoming appointment
[INFO ] 2026-05-18 14:17:32.913 [main] HelperClass - Csv file
[INFO ] 2026-05-18 14:17:33.140 [main] HelperClass - File downloaded successfully
[INFO ] 2026-05-18 14:17:37.065 [main] HelperClass - Clicking receptionist button
[INFO ] 2026-05-18 14:17:37.230 [main] HelperClass - Clicking signin button
[INFO ] 2026-05-18 14:17:37.389 [main] HelperClass - Clicking appointment buttton
[INFO ] 2026-05-18 14:17:42.260 [main] HelperClass - Today appointment
[INFO ] 2026-05-18 14:17:42.490 [main] HelperClass - excel file
[INFO ] 2026-05-18 14:17:42.701 [main] HelperClass - File downloaded successfully
[INFO ] 2026-05-18 14:17:46.835 [main] HelperClass - User is on login site
[INFO ] 2026-05-18 14:17:46.906 [main] HelperClass - Clicking receptionist button
[INFO ] 2026-05-18 14:17:47.096 [main] HelperClass - Clicking signin button
[INFO ] 2026-05-18 14:17:51.180 [main] HelperClass - user is on homepage
[INFO ] 2026-05-18 14:17:51.236 [main] HelperClass - clicking front office
[INFO ] 2026-05-18 14:17:52.272 [main] HelperClass - complaint button
[INFO ] 2026-05-18 14:17:52.909 [main] HelperClass - adding complaint
[INFO ] 2026-05-18 14:17:53.179 [main] HelperClass - Taking data from the excel sheet
[DEBUG] 2026-05-18 14:17:53.448 [main] PackageRelationshipCollection - Parsing relationship: /xl/_rels/workbook.xml.rels
[DEBUG] 2026-05-18 14:17:53.453 [main] PackageRelationshipCollection - Parsing relationship: /_rels/.rels
[DEBUG] 2026-05-18 14:17:54.330 [main] PackageRelationshipCollection - Parsing relationship: /xl/_rels/workbook.xml.rels
[DEBUG] 2026-05-18 14:17:54.332 [main] PackageRelationshipCollection - Parsing relationship: /_rels/.rels
[DEBUG] 2026-05-18 14:17:54.383 [main] PackageRelationshipCollection - Parsing relationship: /xl/_rels/workbook.xml.rels
[DEBUG] 2026-05-18 14:17:54.386 [main] PackageRelationshipCollection - Parsing relationship: /_rels/.rels
[DEBUG] 2026-05-18 14:17:54.557 [main] PackageRelationshipCollection - Parsing relationship: /xl/_rels/workbook.xml.rels
[DEBUG] 2026-05-18 14:17:54.565 [main] PackageRelationshipCollection - Parsing relationship: /_rels/.rels
[INFO ] 2026-05-18 14:17:56.014 [main] HelperClass - save button
[INFO ] 2026-05-18 14:17:56.290 [main] HelperClass - verifying
[INFO ] 2026-05-18 14:18:11.368 [main] HelperClass - user is on homepage
[INFO ] 2026-05-18 14:18:11.442 [main] HelperClass - Clicking on phone call log
[INFO ] 2026-05-18 14:18:34.356 [main] HelperClass - user is on homepage
[INFO ] 2026-05-18 14:18:37.934 [main] HelperClass - Clicking on phone call log for checking invalid
[INFO ] 2026-05-18 14:18:54.365 [main] HelperClass - User is on login page
[INFO ] 2026-05-18 14:18:56.377 [main] HelperClass - receptionist button clicked
[INFO ] 2026-05-18 14:18:56.646 [main] HelperClass - Clicking signin button
[INFO ] 2026-05-18 14:19:02.450 [main] HelperClass - user is on homepage
[INFO ] 2026-05-18 14:19:02.521 [main] HelperClass - Downloading file in format : pdf
[INFO ] 2026-05-18 14:19:16.191 [main] HelperClass - User is on login page
[INFO ] 2026-05-18 14:19:18.201 [main] HelperClass - receptionist button clicked
[INFO ] 2026-05-18 14:19:18.499 [main] HelperClass - Clicking signin button
[INFO ] 2026-05-18 14:19:24.267 [main] HelperClass - user is on homepage
[INFO ] 2026-05-18 14:19:24.381 [main] HelperClass - Downloading file in format : csv
[INFO ] 2026-05-18 14:19:40.206 [main] HelperClass - User is on login page
[INFO ] 2026-05-18 14:19:42.214 [main] HelperClass - receptionist button clicked
[INFO ] 2026-05-18 14:19:42.500 [main] HelperClass - Clicking signin button
[INFO ] 2026-05-18 14:19:42.831 [main] HelperClass - user is on homepage
[INFO ] 2026-05-18 14:19:48.155 [main] HelperClass - Downloading file in format : excel
[INFO ] 2026-05-18 15:01:52.442 [main] HelperClass - Clicking receptionist button
[INFO ] 2026-05-18 15:01:52.540 [main] HelperClass - Clicking signin button
[INFO ] 2026-05-18 15:01:52.635 [main] HelperClass - Navigated to receptionist dashboard
[INFO ] 2026-05-18 15:01:52.636 [main] HelperClass - Navigating to appointment section
[INFO ] 2026-05-18 15:01:57.298 [main] HelperClass - Clicking Today Appointment filter
[INFO ] 2026-05-18 15:02:03.108 [main] HelperClass - Clicking receptionist button
[INFO ] 2026-05-18 15:02:03.209 [main] HelperClass - Clicking signin button
[INFO ] 2026-05-18 15:02:03.320 [main] HelperClass - Navigated to receptionist dashboard
[INFO ] 2026-05-18 15:02:03.321 [main] HelperClass - Navigating to appointment section
[INFO ] 2026-05-18 15:02:14.852 [main] HelperClass - Clicking Upcoming Appointment filter
[INFO ] 2026-05-18 15:02:20.440 [main] HelperClass - Clicking receptionist button
[INFO ] 2026-05-18 15:02:20.529 [main] HelperClass - Clicking signin button
[INFO ] 2026-05-18 15:02:20.592 [main] HelperClass - Navigated to receptionist dashboard
[INFO ] 2026-05-18 15:02:20.595 [main] HelperClass - Navigating to appointment section
[INFO ] 2026-05-18 15:02:25.955 [main] HelperClass - Clicking Old Appointment filter
[INFO ] 2026-05-18 15:02:30.791 [main] HelperClass - Clicking receptionist button
[INFO ] 2026-05-18 15:02:31.084 [main] HelperClass - Clicking signin button
[INFO ] 2026-05-18 15:02:35.623 [main] HelperClass - Clicking appointment buttton
[INFO ] 2026-05-18 15:02:37.465 [main] HelperClass - Old appointment
[INFO ] 2026-05-18 15:02:42.580 [main] HelperClass - Clicking receptionist button
[INFO ] 2026-05-18 15:02:42.833 [main] HelperClass - Clicking signin button
[INFO ] 2026-05-18 15:02:43.063 [main] HelperClass - Clicking appointment buttton
[INFO ] 2026-05-18 15:02:49.012 [main] HelperClass - upcoming appointment
[INFO ] 2026-05-18 15:02:54.276 [main] HelperClass - Clicking receptionist button
[INFO ] 2026-05-18 15:02:54.596 [main] HelperClass - Clicking signin button
[INFO ] 2026-05-18 15:02:59.925 [main] HelperClass - Clicking appointment buttton
[INFO ] 2026-05-18 15:03:02.125 [main] HelperClass - Today appointment
[INFO ] 2026-05-18 15:03:07.459 [main] HelperClass - User is on login site
[INFO ] 2026-05-18 15:03:07.651 [main] HelperClass - Clicking receptionist button
[INFO ] 2026-05-18 15:03:07.947 [main] HelperClass - Clicking signin button
[INFO ] 2026-05-18 15:03:12.285 [main] HelperClass - user is on homepage
[INFO ] 2026-05-18 15:03:34.841 [main] HelperClass - user is on homepage
[INFO ] 2026-05-18 15:03:56.811 [main] HelperClass - user is on homepage
[INFO ] 2026-05-18 15:04:11.402 [main] HelperClass - User is on login page
[INFO ] 2026-05-18 15:04:13.412 [main] HelperClass - receptionist button clicked
[INFO ] 2026-05-18 15:04:13.683 [main] HelperClass - Clicking signin button
[INFO ] 2026-05-18 15:04:18.895 [main] HelperClass - user is on homepage
[INFO ] 2026-05-18 15:04:33.083 [main] HelperClass - User is on login page
[INFO ] 2026-05-18 15:04:35.087 [main] HelperClass - receptionist button clicked
[INFO ] 2026-05-18 15:04:35.364 [main] HelperClass - Clicking signin button
[INFO ] 2026-05-18 15:04:39.536 [main] HelperClass - user is on homepage
[INFO ] 2026-05-18 15:04:53.495 [main] HelperClass - User is on login page
[INFO ] 2026-05-18 15:04:55.496 [main] HelperClass - receptionist button clicked
[INFO ] 2026-05-18 15:04:55.573 [main] HelperClass - Clicking signin button
[INFO ] 2026-05-18 15:04:55.629 [main] HelperClass - user is on homepage
[INFO ] 2026-05-18 16:05:14.604 [main] HelperClass - Clicking receptionist button
[INFO ] 2026-05-18 16:05:25.882 [main] HelperClass - Clicking receptionist button
[INFO ] 2026-05-18 16:05:36.844 [main] HelperClass - Clicking receptionist button
[INFO ] 2026-05-18 16:06:08.850 [main] HelperClass - Clicking receptionist button
[INFO ] 2026-05-18 16:08:39.328 [main] HelperClass - User is on login site
[INFO ] 2026-05-18 16:09:12.174 [main] HelperClass - Clicking receptionist button
[INFO ] 2026-05-18 16:09:12.371 [main] HelperClass - Clicking signin button
[INFO ] 2026-05-18 16:09:16.013 [main] HelperClass - Navigated to receptionist dashboard
[INFO ] 2026-05-18 16:09:16.015 [main] HelperClass - Navigating to appointment section
[INFO ] 2026-05-18 16:09:16.227 [main] HelperClass - Clicking Today Appointment filter
[INFO ] 2026-05-18 16:12:23.265 [main] HelperClass - Clicking receptionist button
[INFO ] 2026-05-18 16:12:23.456 [main] HelperClass - Clicking signin button
[INFO ] 2026-05-18 16:12:27.429 [main] HelperClass - Navigated to receptionist dashboard
[INFO ] 2026-05-18 16:12:27.433 [main] HelperClass - Navigating to appointment section
[INFO ] 2026-05-18 16:12:27.660 [main] HelperClass - Clicking Today Appointment filter
[INFO ] 2026-05-18 16:17:32.932 [main] HelperClass - Clicking receptionist button
[INFO ] 2026-05-18 16:17:33.095 [main] HelperClass - Clicking signin button
[INFO ] 2026-05-18 16:17:36.960 [main] HelperClass - Navigating to appointment section
[INFO ] 2026-05-18 16:17:37.121 [main] HelperClass - Clicking Today Appointment filter
[INFO ] 2026-05-18 16:25:04.894 [main] HelperClass - Clicking receptionist button
[INFO ] 2026-05-18 16:25:05.124 [main] HelperClass - Clicking signin button
[INFO ] 2026-05-18 16:25:09.145 [main] HelperClass - Navigating to appointment section
[INFO ] 2026-05-18 16:25:09.288 [main] HelperClass - Clicking Today Appointment filter
[INFO ] 2026-05-18 16:49:32.691 [main] HelperClass - Clicking receptionist button
[INFO ] 2026-05-18 16:49:32.858 [main] HelperClass - Clicking signin button
[INFO ] 2026-05-18 16:49:37.230 [main] HelperClass - Navigating to appointment section
[INFO ] 2026-05-18 16:49:37.357 [main] HelperClass - Clicking Today Appointment filter
[INFO ] 2026-05-18 16:51:51.713 [main] HelperClass - Clicking receptionist button
[INFO ] 2026-05-18 16:51:51.860 [main] HelperClass - Clicking signin button
[INFO ] 2026-05-18 16:51:55.695 [main] HelperClass - Navigating to appointment section
[INFO ] 2026-05-18 19:30:59.593 [main] HelperClass - User is on login site
[INFO ] 2026-05-18 19:31:10.738 [main] HelperClass - User is on login site
[INFO ] 2026-05-18 19:38:49.549 [main] HelperClass - User is on login site
[INFO ] 2026-05-18 19:39:06.291 [main] HelperClass - User is on login site
[INFO ] 2026-05-18 19:39:18.402 [main] HelperClass - User is on login site
[INFO ] 2026-05-18 19:40:48.362 [main] HelperClass - User is on login page
[INFO ] 2026-05-18 19:40:50.378 [main] HelperClass - receptionist button clicked
[INFO ] 2026-05-18 19:41:02.965 [main] HelperClass - User is on login page
[INFO ] 2026-05-18 19:41:04.984 [main] HelperClass - receptionist button clicked
[INFO ] 2026-05-18 19:41:16.095 [main] HelperClass - User is on login page
[INFO ] 2026-05-18 19:41:18.099 [main] HelperClass - receptionist button clicked
[INFO ] 2026-05-18 19:41:29.956 [main] HelperClass - User is on login page
[INFO ] 2026-05-18 19:41:31.969 [main] HelperClass - receptionist button clicked
[INFO ] 2026-05-18 19:46:03.430 [main] HelperClass - Clicking receptionist button
[INFO ] 2026-05-18 19:46:15.179 [main] HelperClass - Clicking receptionist button
[INFO ] 2026-05-18 19:46:26.148 [main] HelperClass - Clicking receptionist button
[INFO ] 2026-05-18 19:46:37.215 [main] HelperClass - Clicking receptionist button
[INFO ] 2026-05-18 19:46:48.360 [main] HelperClass - Clicking receptionist button
